[0.036s] Invoking command in '/home/mpatching/41068_ws/build/trailblazer': CMAKE_PREFIX_PATH=/mnt/c/Users/micah/Documents/SCMS_turtlebot/install/depth_follower:/opt/ros/humble /usr/bin/cmake /home/mpatching/41068_ws/src/trailblazer -DAMENT_CMAKE_SYMLINK_INSTALL=1 -DCMAKE_INSTALL_PREFIX=/home/mpatching/41068_ws/install/trailblazer
[0.224s] -- The C compiler identification is GNU 11.4.0
[0.522s] -- The CXX compiler identification is GNU 11.4.0
[0.693s] -- Detecting C compiler ABI info
[0.781s] -- Detecting C compiler ABI info - done
[0.787s] -- Check for working C compiler: /usr/bin/cc - skipped
[0.787s] -- Detecting C compile features
[0.788s] -- Detecting C compile features - done
[0.791s] -- Detecting CXX compiler ABI info
[0.882s] -- Detecting CXX compiler ABI info - done
[0.886s] -- Check for working CXX compiler: /usr/bin/c++ - skipped
[0.886s] -- Detecting CXX compile features
[0.886s] -- Detecting CXX compile features - done
[0.928s] -- Found ament_cmake: 1.3.12 (/opt/ros/humble/share/ament_cmake/cmake)
[1.623s] -- Found Python3: /usr/bin/python3 (found version "3.10.12") found components: Interpreter 
[1.876s] -- Override CMake install command with custom implementation using symlinks instead of copying resources
[2.427s] -- Found ros_ign_interfaces: 0.244.20 (/opt/ros/humble/share/ros_ign_interfaces/cmake)
[2.864s] -- Found rosidl_generator_c: 3.1.7 (/opt/ros/humble/share/rosidl_generator_c/cmake)
[2.937s] -- Found rosidl_adapter: 3.1.7 (/opt/ros/humble/share/rosidl_adapter/cmake)
[3.021s] -- Found rosidl_generator_cpp: 3.1.7 (/opt/ros/humble/share/rosidl_generator_cpp/cmake)
[3.118s] -- Using all available rosidl_typesupport_c: rosidl_typesupport_fastrtps_c;rosidl_typesupport_introspection_c
[3.252s] -- Using all available rosidl_typesupport_cpp: rosidl_typesupport_fastrtps_cpp;rosidl_typesupport_introspection_cpp
[3.803s] -- Configuring done
[3.806s] -- Generating done
[3.807s] -- Build files have been written to: /home/mpatching/41068_ws/build/trailblazer
[3.812s] Invoked command in '/home/mpatching/41068_ws/build/trailblazer' returned '0': CMAKE_PREFIX_PATH=/mnt/c/Users/micah/Documents/SCMS_turtlebot/install/depth_follower:/opt/ros/humble /usr/bin/cmake /home/mpatching/41068_ws/src/trailblazer -DAMENT_CMAKE_SYMLINK_INSTALL=1 -DCMAKE_INSTALL_PREFIX=/home/mpatching/41068_ws/install/trailblazer
[3.814s] Invoking command in '/home/mpatching/41068_ws/build/trailblazer': CMAKE_PREFIX_PATH=/mnt/c/Users/micah/Documents/SCMS_turtlebot/install/depth_follower:/opt/ros/humble /usr/bin/cmake --build /home/mpatching/41068_ws/build/trailblazer -- -j22 -l22
[3.840s] Invoked command in '/home/mpatching/41068_ws/build/trailblazer' returned '0': CMAKE_PREFIX_PATH=/mnt/c/Users/micah/Documents/SCMS_turtlebot/install/depth_follower:/opt/ros/humble /usr/bin/cmake --build /home/mpatching/41068_ws/build/trailblazer -- -j22 -l22
[3.847s] Invoking command in '/home/mpatching/41068_ws/build/trailblazer': CMAKE_PREFIX_PATH=/mnt/c/Users/micah/Documents/SCMS_turtlebot/install/depth_follower:/opt/ros/humble /usr/bin/cmake --install /home/mpatching/41068_ws/build/trailblazer
[3.852s] -- Install configuration: ""
[3.852s] -- Execute custom install script
[3.853s] -- Symlinking: /home/mpatching/41068_ws/install/trailblazer/share/trailblazer/config/41068.rviz
[3.858s] -- Symlinking: /home/mpatching/41068_ws/install/trailblazer/share/trailblazer/config/gazebo_bridge.yaml
[3.864s] -- Symlinking: /home/mpatching/41068_ws/install/trailblazer/share/trailblazer/config/nav2_params.yaml
[3.870s] -- Symlinking: /home/mpatching/41068_ws/install/trailblazer/share/trailblazer/config/robot_localization.yaml
[3.875s] -- Symlinking: /home/mpatching/41068_ws/install/trailblazer/share/trailblazer/config/slam_params.yaml
[3.881s] -- Symlinking: /home/mpatching/41068_ws/install/trailblazer/share/trailblazer/launch/41068_ignition.launch.py
[3.887s] -- Symlinking: /home/mpatching/41068_ws/install/trailblazer/share/trailblazer/launch/mission.launch.py
[3.892s] -- Symlinking: /home/mpatching/41068_ws/install/trailblazer/share/trailblazer/launch/navigation.launch.py
[3.899s] -- Symlinking: /home/mpatching/41068_ws/install/trailblazer/share/trailblazer/launch/pine_tree_detection.launch.py
[3.905s] -- Symlinking: /home/mpatching/41068_ws/install/trailblazer/share/trailblazer/models/boulder/boulder.sdf
[3.910s] -- Symlinking: /home/mpatching/41068_ws/install/trailblazer/share/trailblazer/models/boulder/model.config
[3.916s] -- Symlinking: /home/mpatching/41068_ws/install/trailblazer/share/trailblazer/models/forest_plane/materials/textures/empty_grass.png
[3.921s] -- Symlinking: /home/mpatching/41068_ws/install/trailblazer/share/trailblazer/models/forest_plane/materials/textures/forest_overhead.png
[3.927s] -- Symlinking: /home/mpatching/41068_ws/install/trailblazer/share/trailblazer/models/forest_plane/materials/textures/leaf_litter.png
[3.933s] -- Symlinking: /home/mpatching/41068_ws/install/trailblazer/share/trailblazer/models/forest_plane/model.config
[3.938s] -- Symlinking: /home/mpatching/41068_ws/install/trailblazer/share/trailblazer/models/forest_plane/model.sdf
[3.944s] -- Symlinking: /home/mpatching/41068_ws/install/trailblazer/share/trailblazer/models/forest_wall/materials/textures/forest_wall.png
[3.950s] -- Symlinking: /home/mpatching/41068_ws/install/trailblazer/share/trailblazer/models/forest_wall/materials/textures/forest_wall_transparent.png
[3.955s] -- Symlinking: /home/mpatching/41068_ws/install/trailblazer/share/trailblazer/models/forest_wall/materials/textures/forest_wall_transparent_small.png
[3.961s] -- Symlinking: /home/mpatching/41068_ws/install/trailblazer/share/trailblazer/models/forest_wall/model.config
[3.967s] -- Symlinking: /home/mpatching/41068_ws/install/trailblazer/share/trailblazer/models/forest_wall/model.sdf
[3.973s] -- Symlinking: /home/mpatching/41068_ws/install/trailblazer/share/trailblazer/models/grass_plane/materials/textures/empty_grass.png
[3.979s] -- Symlinking: /home/mpatching/41068_ws/install/trailblazer/share/trailblazer/models/grass_plane/model.config
[3.984s] -- Symlinking: /home/mpatching/41068_ws/install/trailblazer/share/trailblazer/models/grass_plane/model.sdf
[3.990s] -- Symlinking: /home/mpatching/41068_ws/install/trailblazer/share/trailblazer/worlds/large_demo.sdf
[3.996s] -- Symlinking: /home/mpatching/41068_ws/install/trailblazer/share/trailblazer/worlds/simple_trees.sdf
[4.001s] -- Symlinking: /home/mpatching/41068_ws/install/trailblazer/share/trailblazer/urdf_drone/common_properties.urdf.xacro
[4.007s] -- Symlinking: /home/mpatching/41068_ws/install/trailblazer/share/trailblazer/urdf_drone/hokuyo.urdf.xacro
[4.013s] -- Symlinking: /home/mpatching/41068_ws/install/trailblazer/share/trailblazer/urdf_drone/meshes/hull.dae
[4.019s] -- Symlinking: /home/mpatching/41068_ws/install/trailblazer/share/trailblazer/urdf_drone/meshes/propeller_fl.dae
[4.025s] -- Symlinking: /home/mpatching/41068_ws/install/trailblazer/share/trailblazer/urdf_drone/meshes/propeller_fr.dae
[4.031s] -- Symlinking: /home/mpatching/41068_ws/install/trailblazer/share/trailblazer/urdf_drone/meshes/propeller_rl.dae
[4.037s] -- Symlinking: /home/mpatching/41068_ws/install/trailblazer/share/trailblazer/urdf_drone/meshes/propeller_rr.dae
[4.042s] -- Symlinking: /home/mpatching/41068_ws/install/trailblazer/share/trailblazer/urdf_drone/model.config
[4.048s] -- Symlinking: /home/mpatching/41068_ws/install/trailblazer/share/trailblazer/urdf_drone/model.sdf
[4.054s] -- Symlinking: /home/mpatching/41068_ws/install/trailblazer/share/trailblazer/urdf_drone/parrot.gazebo.xacro
[4.059s] -- Symlinking: /home/mpatching/41068_ws/install/trailblazer/share/trailblazer/urdf_drone/parrot.urdf.xacro
[4.065s] -- Symlinking: /home/mpatching/41068_ws/install/trailblazer/share/trailblazer/urdf_drone/thumbnails/1.png
[4.070s] -- Symlinking: /home/mpatching/41068_ws/install/trailblazer/share/trailblazer/urdf_drone/thumbnails/2.png
[4.076s] -- Symlinking: /home/mpatching/41068_ws/install/trailblazer/share/trailblazer/urdf_drone/thumbnails/3.png
[4.081s] -- Symlinking: /home/mpatching/41068_ws/install/trailblazer/share/trailblazer/urdf_drone/thumbnails/4.png
[4.088s] -- Symlinking: /home/mpatching/41068_ws/install/trailblazer/share/trailblazer/urdf_drone/thumbnails/5.png
[4.094s] -- Symlinking: /home/mpatching/41068_ws/install/trailblazer/share/trailblazer/urdf_drone/thumbnails/hull.dae
[4.100s] -- Symlinking: /home/mpatching/41068_ws/install/trailblazer/lib/trailblazer/lidar_perception_360.py
[4.105s] -- Symlinking: /home/mpatching/41068_ws/install/trailblazer/lib/trailblazer/pose_relay.py
[4.111s] -- Symlinking: /home/mpatching/41068_ws/install/trailblazer/lib/trailblazer/climb_controller.py
[4.117s] -- Symlinking: /home/mpatching/41068_ws/install/trailblazer/lib/trailblazer/forward_10m_cli.py
[4.123s] -- Symlinking: /home/mpatching/41068_ws/install/trailblazer/share/ament_index/resource_index/package_run_dependencies/trailblazer
[4.129s] -- Symlinking: /home/mpatching/41068_ws/install/trailblazer/share/ament_index/resource_index/parent_prefix_path/trailblazer
[4.134s] -- Symlinking: /home/mpatching/41068_ws/install/trailblazer/share/trailblazer/environment/ament_prefix_path.sh
[4.140s] -- Symlinking: /home/mpatching/41068_ws/install/trailblazer/share/trailblazer/environment/ament_prefix_path.dsv
[4.145s] -- Symlinking: /home/mpatching/41068_ws/install/trailblazer/share/trailblazer/environment/path.sh
[4.151s] -- Symlinking: /home/mpatching/41068_ws/install/trailblazer/share/trailblazer/environment/path.dsv
[4.158s] -- Symlinking: /home/mpatching/41068_ws/install/trailblazer/share/trailblazer/local_setup.bash
[4.164s] -- Symlinking: /home/mpatching/41068_ws/install/trailblazer/share/trailblazer/local_setup.sh
[4.169s] -- Symlinking: /home/mpatching/41068_ws/install/trailblazer/share/trailblazer/local_setup.zsh
[4.175s] -- Symlinking: /home/mpatching/41068_ws/install/trailblazer/share/trailblazer/local_setup.dsv
[4.181s] -- Symlinking: /home/mpatching/41068_ws/install/trailblazer/share/trailblazer/package.dsv
[4.187s] -- Symlinking: /home/mpatching/41068_ws/install/trailblazer/share/ament_index/resource_index/packages/trailblazer
[4.193s] -- Symlinking: /home/mpatching/41068_ws/install/trailblazer/share/trailblazer/cmake/trailblazerConfig.cmake
[4.198s] -- Symlinking: /home/mpatching/41068_ws/install/trailblazer/share/trailblazer/cmake/trailblazerConfig-version.cmake
[4.204s] -- Symlinking: /home/mpatching/41068_ws/install/trailblazer/share/trailblazer/package.xml
[4.211s] Invoked command in '/home/mpatching/41068_ws/build/trailblazer' returned '0': CMAKE_PREFIX_PATH=/mnt/c/Users/micah/Documents/SCMS_turtlebot/install/depth_follower:/opt/ros/humble /usr/bin/cmake --install /home/mpatching/41068_ws/build/trailblazer
