[0.015s] Invoking command in '/home/mpatching/41068_ws/build/trailblazer': CMAKE_PREFIX_PATH=${CMAKE_PREFIX_PATH}:/opt/ros/humble /usr/bin/cmake /home/mpatching/41068_ws/src/trailblazer -DCMAKE_INSTALL_PREFIX=/home/mpatching/41068_ws/install/trailblazer
[0.026s] -- Found ament_cmake: 1.3.12 (/opt/ros/humble/share/ament_cmake/cmake)
[0.173s] -- Override CMake install command with custom implementation using symlinks instead of copying resources
[0.183s] -- Found ros_ign_interfaces: 0.244.20 (/opt/ros/humble/share/ros_ign_interfaces/cmake)
[0.414s] -- Found rosidl_generator_c: 3.1.7 (/opt/ros/humble/share/rosidl_generator_c/cmake)
[0.418s] -- Found rosidl_adapter: 3.1.7 (/opt/ros/humble/share/rosidl_adapter/cmake)
[0.426s] -- Found rosidl_generator_cpp: 3.1.7 (/opt/ros/humble/share/rosidl_generator_cpp/cmake)
[0.444s] -- Using all available rosidl_typesupport_c: rosidl_typesupport_fastrtps_c;rosidl_typesupport_introspection_c
[0.456s] -- Using all available rosidl_typesupport_cpp: rosidl_typesupport_fastrtps_cpp;rosidl_typesupport_introspection_cpp
[0.693s] -- Configuring done
[0.696s] -- Generating done
[0.698s] -- Build files have been written to: /home/mpatching/41068_ws/build/trailblazer
[0.706s] Invoked command in '/home/mpatching/41068_ws/build/trailblazer' returned '0': CMAKE_PREFIX_PATH=${CMAKE_PREFIX_PATH}:/opt/ros/humble /usr/bin/cmake /home/mpatching/41068_ws/src/trailblazer -DCMAKE_INSTALL_PREFIX=/home/mpatching/41068_ws/install/trailblazer
[0.708s] Invoking command in '/home/mpatching/41068_ws/build/trailblazer': CMAKE_PREFIX_PATH=${CMAKE_PREFIX_PATH}:/opt/ros/humble /usr/bin/cmake --build /home/mpatching/41068_ws/build/trailblazer -- -j22 -l22
[0.748s] Invoked command in '/home/mpatching/41068_ws/build/trailblazer' returned '0': CMAKE_PREFIX_PATH=${CMAKE_PREFIX_PATH}:/opt/ros/humble /usr/bin/cmake --build /home/mpatching/41068_ws/build/trailblazer -- -j22 -l22
[0.765s] Invoking command in '/home/mpatching/41068_ws/build/trailblazer': CMAKE_PREFIX_PATH=${CMAKE_PREFIX_PATH}:/opt/ros/humble /usr/bin/cmake --install /home/mpatching/41068_ws/build/trailblazer
[0.775s] -- Install configuration: ""
[0.775s] -- Execute custom install script
[0.776s] -- Up-to-date symlink: /home/mpatching/41068_ws/install/trailblazer/share/trailblazer/config/41068.rviz
[0.776s] -- Up-to-date symlink: /home/mpatching/41068_ws/install/trailblazer/share/trailblazer/config/gazebo_bridge.yaml
[0.777s] -- Up-to-date symlink: /home/mpatching/41068_ws/install/trailblazer/share/trailblazer/config/nav2_minimal.yaml
[0.777s] -- Up-to-date symlink: /home/mpatching/41068_ws/install/trailblazer/share/trailblazer/config/nav2_params.yaml
[0.777s] -- Up-to-date symlink: /home/mpatching/41068_ws/install/trailblazer/share/trailblazer/config/robot_localization.yaml
[0.777s] -- Up-to-date symlink: /home/mpatching/41068_ws/install/trailblazer/share/trailblazer/config/slam_params.yaml
[0.778s] -- Up-to-date symlink: /home/mpatching/41068_ws/install/trailblazer/share/trailblazer/launch/41068_ignition.launch.py
[0.778s] -- Up-to-date symlink: /home/mpatching/41068_ws/install/trailblazer/share/trailblazer/launch/mission.launch.py
[0.778s] -- Up-to-date symlink: /home/mpatching/41068_ws/install/trailblazer/share/trailblazer/launch/navigation.launch.py
[0.778s] -- Up-to-date symlink: /home/mpatching/41068_ws/install/trailblazer/share/trailblazer/launch/pine_tree_detection.launch.py
[0.778s] -- Up-to-date symlink: /home/mpatching/41068_ws/install/trailblazer/share/trailblazer/models/boulder/boulder.sdf
[0.778s] -- Up-to-date symlink: /home/mpatching/41068_ws/install/trailblazer/share/trailblazer/models/boulder/model.config
[0.778s] -- Up-to-date symlink: /home/mpatching/41068_ws/install/trailblazer/share/trailblazer/models/forest_plane/materials/textures/empty_grass.png
[0.778s] -- Up-to-date symlink: /home/mpatching/41068_ws/install/trailblazer/share/trailblazer/models/forest_plane/materials/textures/forest_overhead.png
[0.778s] -- Up-to-date symlink: /home/mpatching/41068_ws/install/trailblazer/share/trailblazer/models/forest_plane/materials/textures/leaf_litter.png
[0.779s] -- Up-to-date symlink: /home/mpatching/41068_ws/install/trailblazer/share/trailblazer/models/forest_plane/model.config
[0.779s] -- Up-to-date symlink: /home/mpatching/41068_ws/install/trailblazer/share/trailblazer/models/forest_plane/model.sdf
[0.779s] -- Up-to-date symlink: /home/mpatching/41068_ws/install/trailblazer/share/trailblazer/models/forest_wall/materials/textures/forest_wall.png
[0.779s] -- Up-to-date symlink: /home/mpatching/41068_ws/install/trailblazer/share/trailblazer/models/forest_wall/materials/textures/forest_wall_transparent.png
[0.780s] -- Up-to-date symlink: /home/mpatching/41068_ws/install/trailblazer/share/trailblazer/models/forest_wall/materials/textures/forest_wall_transparent_small.png
[0.780s] -- Up-to-date symlink: /home/mpatching/41068_ws/install/trailblazer/share/trailblazer/models/forest_wall/model.config
[0.780s] -- Up-to-date symlink: /home/mpatching/41068_ws/install/trailblazer/share/trailblazer/models/forest_wall/model.sdf
[0.780s] -- Up-to-date symlink: /home/mpatching/41068_ws/install/trailblazer/share/trailblazer/models/grass_plane/materials/textures/empty_grass.png
[0.780s] -- Up-to-date symlink: /home/mpatching/41068_ws/install/trailblazer/share/trailblazer/models/grass_plane/model.config
[0.781s] -- Up-to-date symlink: /home/mpatching/41068_ws/install/trailblazer/share/trailblazer/models/grass_plane/model.sdf
[0.781s] -- Up-to-date symlink: /home/mpatching/41068_ws/install/trailblazer/share/trailblazer/worlds/large_demo.sdf
[0.781s] -- Up-to-date symlink: /home/mpatching/41068_ws/install/trailblazer/share/trailblazer/worlds/simple_trees.sdf
[0.781s] -- Up-to-date symlink: /home/mpatching/41068_ws/install/trailblazer/share/trailblazer/urdf_drone/common_properties.urdf.xacro
[0.781s] -- Up-to-date symlink: /home/mpatching/41068_ws/install/trailblazer/share/trailblazer/urdf_drone/hokuyo.urdf.xacro
[0.782s] -- Up-to-date symlink: /home/mpatching/41068_ws/install/trailblazer/share/trailblazer/urdf_drone/meshes/hull.dae
[0.782s] -- Up-to-date symlink: /home/mpatching/41068_ws/install/trailblazer/share/trailblazer/urdf_drone/meshes/propeller_fl.dae
[0.782s] -- Up-to-date symlink: /home/mpatching/41068_ws/install/trailblazer/share/trailblazer/urdf_drone/meshes/propeller_fr.dae
[0.782s] -- Up-to-date symlink: /home/mpatching/41068_ws/install/trailblazer/share/trailblazer/urdf_drone/meshes/propeller_rl.dae
[0.782s] -- Up-to-date symlink: /home/mpatching/41068_ws/install/trailblazer/share/trailblazer/urdf_drone/meshes/propeller_rr.dae
[0.783s] -- Up-to-date symlink: /home/mpatching/41068_ws/install/trailblazer/share/trailblazer/urdf_drone/model.config
[0.783s] -- Up-to-date symlink: /home/mpatching/41068_ws/install/trailblazer/share/trailblazer/urdf_drone/model.sdf
[0.783s] -- Up-to-date symlink: /home/mpatching/41068_ws/install/trailblazer/share/trailblazer/urdf_drone/parrot.gazebo.xacro
[0.783s] -- Up-to-date symlink: /home/mpatching/41068_ws/install/trailblazer/share/trailblazer/urdf_drone/parrot.urdf.xacro
[0.783s] -- Up-to-date symlink: /home/mpatching/41068_ws/install/trailblazer/share/trailblazer/urdf_drone/thumbnails/1.png
[0.783s] -- Up-to-date symlink: /home/mpatching/41068_ws/install/trailblazer/share/trailblazer/urdf_drone/thumbnails/2.png
[0.783s] -- Up-to-date symlink: /home/mpatching/41068_ws/install/trailblazer/share/trailblazer/urdf_drone/thumbnails/3.png
[0.783s] -- Up-to-date symlink: /home/mpatching/41068_ws/install/trailblazer/share/trailblazer/urdf_drone/thumbnails/4.png
[0.784s] -- Up-to-date symlink: /home/mpatching/41068_ws/install/trailblazer/share/trailblazer/urdf_drone/thumbnails/5.png
[0.784s] -- Up-to-date symlink: /home/mpatching/41068_ws/install/trailblazer/share/trailblazer/urdf_drone/thumbnails/hull.dae
[0.784s] -- Up-to-date symlink: /home/mpatching/41068_ws/install/trailblazer/lib/trailblazer/lidar_perception_360.py
[0.784s] -- Up-to-date symlink: /home/mpatching/41068_ws/install/trailblazer/lib/trailblazer/pose_relay.py
[0.785s] -- Up-to-date symlink: /home/mpatching/41068_ws/install/trailblazer/lib/trailblazer/climb_controller.py
[0.785s] -- Up-to-date symlink: /home/mpatching/41068_ws/install/trailblazer/lib/trailblazer/forward_10m_cli.py
[0.785s] -- Up-to-date symlink: /home/mpatching/41068_ws/install/trailblazer/lib/trailblazer/minimal_drone_nav.py
[0.785s] -- Up-to-date symlink: /home/mpatching/41068_ws/install/trailblazer/share/ament_index/resource_index/package_run_dependencies/trailblazer
[0.785s] -- Up-to-date symlink: /home/mpatching/41068_ws/install/trailblazer/share/ament_index/resource_index/parent_prefix_path/trailblazer
[0.786s] -- Up-to-date symlink: /home/mpatching/41068_ws/install/trailblazer/share/trailblazer/environment/ament_prefix_path.sh
[0.786s] -- Up-to-date symlink: /home/mpatching/41068_ws/install/trailblazer/share/trailblazer/environment/ament_prefix_path.dsv
[0.786s] -- Up-to-date symlink: /home/mpatching/41068_ws/install/trailblazer/share/trailblazer/environment/path.sh
[0.786s] -- Up-to-date symlink: /home/mpatching/41068_ws/install/trailblazer/share/trailblazer/environment/path.dsv
[0.786s] -- Up-to-date symlink: /home/mpatching/41068_ws/install/trailblazer/share/trailblazer/local_setup.bash
[0.786s] -- Up-to-date symlink: /home/mpatching/41068_ws/install/trailblazer/share/trailblazer/local_setup.sh
[0.786s] -- Up-to-date symlink: /home/mpatching/41068_ws/install/trailblazer/share/trailblazer/local_setup.zsh
[0.786s] -- Up-to-date symlink: /home/mpatching/41068_ws/install/trailblazer/share/trailblazer/local_setup.dsv
[0.786s] -- Symlinking: /home/mpatching/41068_ws/install/trailblazer/share/trailblazer/package.dsv
[0.798s] -- Up-to-date symlink: /home/mpatching/41068_ws/install/trailblazer/share/ament_index/resource_index/packages/trailblazer
[0.798s] -- Up-to-date symlink: /home/mpatching/41068_ws/install/trailblazer/share/trailblazer/cmake/trailblazerConfig.cmake
[0.799s] -- Up-to-date symlink: /home/mpatching/41068_ws/install/trailblazer/share/trailblazer/cmake/trailblazerConfig-version.cmake
[0.799s] -- Up-to-date symlink: /home/mpatching/41068_ws/install/trailblazer/share/trailblazer/package.xml
[0.801s] Invoked command in '/home/mpatching/41068_ws/build/trailblazer' returned '0': CMAKE_PREFIX_PATH=${CMAKE_PREFIX_PATH}:/opt/ros/humble /usr/bin/cmake --install /home/mpatching/41068_ws/build/trailblazer
