[0.029s] Invoking command in '/home/mpatching/trailblazer/build/trailblazer': CMAKE_PREFIX_PATH=${CMAKE_PREFIX_PATH}:/opt/ros/humble /usr/bin/cmake --build /home/mpatching/trailblazer/build/trailblazer -- -j22 -l22
[0.144s] Invoked command in '/home/mpatching/trailblazer/build/trailblazer' returned '0': CMAKE_PREFIX_PATH=${CMAKE_PREFIX_PATH}:/opt/ros/humble /usr/bin/cmake --build /home/mpatching/trailblazer/build/trailblazer -- -j22 -l22
[0.165s] Invoking command in '/home/mpatching/trailblazer/build/trailblazer': CMAKE_PREFIX_PATH=${CMAKE_PREFIX_PATH}:/opt/ros/humble /usr/bin/cmake --install /home/mpatching/trailblazer/build/trailblazer
[0.175s] -- Install configuration: ""
[0.178s] -- Execute custom install script
[0.180s] -- Up-to-date symlink: /home/mpatching/trailblazer/install/trailblazer/share/trailblazer/config/41068.rviz
[0.180s] -- Up-to-date symlink: /home/mpatching/trailblazer/install/trailblazer/share/trailblazer/config/gazebo_bridge.yaml
[0.180s] -- Up-to-date symlink: /home/mpatching/trailblazer/install/trailblazer/share/trailblazer/config/nav2_params.yaml
[0.180s] -- Up-to-date symlink: /home/mpatching/trailblazer/install/trailblazer/share/trailblazer/config/robot_localization.yaml
[0.180s] -- Up-to-date symlink: /home/mpatching/trailblazer/install/trailblazer/share/trailblazer/config/slam_params.yaml
[0.180s] -- Up-to-date symlink: /home/mpatching/trailblazer/install/trailblazer/share/trailblazer/launch/mission.launch.py
[0.180s] -- Up-to-date symlink: /home/mpatching/trailblazer/install/trailblazer/share/trailblazer/launch/navigation.launch.py
[0.182s] -- Up-to-date symlink: /home/mpatching/trailblazer/install/trailblazer/share/trailblazer/models/big_oak_tree/materials/scripts/caster_fp.glsl
[0.182s] -- Up-to-date symlink: /home/mpatching/trailblazer/install/trailblazer/share/trailblazer/models/big_oak_tree/materials/scripts/caster_vp.glsl
[0.183s] -- Up-to-date symlink: /home/mpatching/trailblazer/install/trailblazer/share/trailblazer/models/big_oak_tree/materials/scripts/oak_tree.material
[0.183s] -- Up-to-date symlink: /home/mpatching/trailblazer/install/trailblazer/share/trailblazer/models/big_oak_tree/materials/textures/bark_diffuse.png
[0.183s] -- Up-to-date symlink: /home/mpatching/trailblazer/install/trailblazer/share/trailblazer/models/big_oak_tree/materials/textures/branch_diffuse.png
[0.184s] -- Up-to-date symlink: /home/mpatching/trailblazer/install/trailblazer/share/trailblazer/models/big_oak_tree/meshes/big_oak_tree.dae
[0.184s] -- Up-to-date symlink: /home/mpatching/trailblazer/install/trailblazer/share/trailblazer/models/big_oak_tree/model.config
[0.184s] -- Up-to-date symlink: /home/mpatching/trailblazer/install/trailblazer/share/trailblazer/models/big_oak_tree/model.sdf
[0.185s] -- Up-to-date symlink: /home/mpatching/trailblazer/install/trailblazer/share/trailblazer/models/big_pine_tree/materials/scripts/pine_tree.material
[0.185s] -- Up-to-date symlink: /home/mpatching/trailblazer/install/trailblazer/share/trailblazer/models/big_pine_tree/materials/textures/bark_diffuse.png
[0.185s] -- Up-to-date symlink: /home/mpatching/trailblazer/install/trailblazer/share/trailblazer/models/big_pine_tree/materials/textures/branch_2_diffuse.png
[0.186s] -- Up-to-date symlink: /home/mpatching/trailblazer/install/trailblazer/share/trailblazer/models/big_pine_tree/meshes/big_pine_tree.dae
[0.186s] -- Up-to-date symlink: /home/mpatching/trailblazer/install/trailblazer/share/trailblazer/models/big_pine_tree/model.config
[0.186s] -- Up-to-date symlink: /home/mpatching/trailblazer/install/trailblazer/share/trailblazer/models/big_pine_tree/model.sdf
[0.187s] -- Up-to-date symlink: /home/mpatching/trailblazer/install/trailblazer/share/trailblazer/models/custom_terrain/materials/textures/grass_dry.png
[0.187s] -- Up-to-date symlink: /home/mpatching/trailblazer/install/trailblazer/share/trailblazer/models/custom_terrain/meshes/terrain_mesh.dae
[0.187s] -- Up-to-date symlink: /home/mpatching/trailblazer/install/trailblazer/share/trailblazer/models/custom_terrain/model.config
[0.187s] -- Up-to-date symlink: /home/mpatching/trailblazer/install/trailblazer/share/trailblazer/models/custom_terrain/model.sdf
[0.188s] -- Up-to-date symlink: /home/mpatching/trailblazer/install/trailblazer/share/trailblazer/models/forest_plane/materials/textures/empty_grass.png
[0.188s] -- Up-to-date symlink: /home/mpatching/trailblazer/install/trailblazer/share/trailblazer/models/forest_plane/materials/textures/forest_overhead.png
[0.189s] -- Up-to-date symlink: /home/mpatching/trailblazer/install/trailblazer/share/trailblazer/models/forest_plane/materials/textures/leaf_litter.png
[0.189s] -- Up-to-date symlink: /home/mpatching/trailblazer/install/trailblazer/share/trailblazer/models/forest_plane/model.config
[0.189s] -- Up-to-date symlink: /home/mpatching/trailblazer/install/trailblazer/share/trailblazer/models/forest_plane/model.sdf
[0.190s] -- Up-to-date symlink: /home/mpatching/trailblazer/install/trailblazer/share/trailblazer/models/forest_wall/materials/textures/forest_wall.png
[0.190s] -- Up-to-date symlink: /home/mpatching/trailblazer/install/trailblazer/share/trailblazer/models/forest_wall/materials/textures/forest_wall_transparent.png
[0.190s] -- Up-to-date symlink: /home/mpatching/trailblazer/install/trailblazer/share/trailblazer/models/forest_wall/materials/textures/forest_wall_transparent_small.png
[0.190s] -- Up-to-date symlink: /home/mpatching/trailblazer/install/trailblazer/share/trailblazer/models/forest_wall/model.config
[0.190s] -- Up-to-date symlink: /home/mpatching/trailblazer/install/trailblazer/share/trailblazer/models/forest_wall/model.sdf
[0.191s] -- Up-to-date symlink: /home/mpatching/trailblazer/install/trailblazer/share/trailblazer/models/grass_plane/materials/textures/empty_grass.png
[0.191s] -- Up-to-date symlink: /home/mpatching/trailblazer/install/trailblazer/share/trailblazer/models/grass_plane/model.config
[0.191s] -- Up-to-date symlink: /home/mpatching/trailblazer/install/trailblazer/share/trailblazer/models/grass_plane/model.sdf
[0.192s] -- Up-to-date symlink: /home/mpatching/trailblazer/install/trailblazer/share/trailblazer/worlds/large_demo.sdf
[0.192s] -- Up-to-date symlink: /home/mpatching/trailblazer/install/trailblazer/share/trailblazer/worlds/simple_maze.sdf
[0.192s] -- Up-to-date symlink: /home/mpatching/trailblazer/install/trailblazer/share/trailblazer/worlds/simple_trees.sdf
[0.192s] -- Up-to-date symlink: /home/mpatching/trailblazer/install/trailblazer/share/trailblazer/worlds/test_terrain.sdf
[0.193s] -- Up-to-date symlink: /home/mpatching/trailblazer/install/trailblazer/share/trailblazer/urdf_drone/common_properties.urdf.xacro
[0.193s] -- Up-to-date symlink: /home/mpatching/trailblazer/install/trailblazer/share/trailblazer/urdf_drone/meshes/hull.dae
[0.193s] -- Up-to-date symlink: /home/mpatching/trailblazer/install/trailblazer/share/trailblazer/urdf_drone/meshes/propeller_fl.dae
[0.193s] -- Up-to-date symlink: /home/mpatching/trailblazer/install/trailblazer/share/trailblazer/urdf_drone/meshes/propeller_fr.dae
[0.193s] -- Up-to-date symlink: /home/mpatching/trailblazer/install/trailblazer/share/trailblazer/urdf_drone/meshes/propeller_rl.dae
[0.194s] -- Up-to-date symlink: /home/mpatching/trailblazer/install/trailblazer/share/trailblazer/urdf_drone/meshes/propeller_rr.dae
[0.194s] -- Up-to-date symlink: /home/mpatching/trailblazer/install/trailblazer/share/trailblazer/urdf_drone/model.config
[0.194s] -- Up-to-date symlink: /home/mpatching/trailblazer/install/trailblazer/share/trailblazer/urdf_drone/model.sdf
[0.195s] -- Up-to-date symlink: /home/mpatching/trailblazer/install/trailblazer/share/trailblazer/urdf_drone/parrot.gazebo.xacro
[0.195s] -- Up-to-date symlink: /home/mpatching/trailblazer/install/trailblazer/share/trailblazer/urdf_drone/parrot.urdf.xacro
[0.195s] -- Up-to-date symlink: /home/mpatching/trailblazer/install/trailblazer/share/trailblazer/urdf_drone/thumbnails/1.png
[0.195s] -- Up-to-date symlink: /home/mpatching/trailblazer/install/trailblazer/share/trailblazer/urdf_drone/thumbnails/2.png
[0.195s] -- Up-to-date symlink: /home/mpatching/trailblazer/install/trailblazer/share/trailblazer/urdf_drone/thumbnails/3.png
[0.195s] -- Up-to-date symlink: /home/mpatching/trailblazer/install/trailblazer/share/trailblazer/urdf_drone/thumbnails/4.png
[0.195s] -- Up-to-date symlink: /home/mpatching/trailblazer/install/trailblazer/share/trailblazer/urdf_drone/thumbnails/5.png
[0.195s] -- Up-to-date symlink: /home/mpatching/trailblazer/install/trailblazer/lib/trailblazer/lidar_perception_360.py
[0.195s] -- Up-to-date symlink: /home/mpatching/trailblazer/install/trailblazer/lib/trailblazer/gui_node.py
[0.195s] -- Up-to-date symlink: /home/mpatching/trailblazer/install/trailblazer/lib/trailblazer/flight_control.py
[0.196s] -- Up-to-date symlink: /home/mpatching/trailblazer/install/trailblazer/lib/trailblazer/pose_relay.py
[0.196s] -- Up-to-date symlink: /home/mpatching/trailblazer/install/trailblazer/lib/trailblazer/altitude_lidar.py
[0.196s] -- Up-to-date symlink: /home/mpatching/trailblazer/install/trailblazer/share/ament_index/resource_index/package_run_dependencies/trailblazer
[0.196s] -- Up-to-date symlink: /home/mpatching/trailblazer/install/trailblazer/share/ament_index/resource_index/parent_prefix_path/trailblazer
[0.196s] -- Up-to-date symlink: /home/mpatching/trailblazer/install/trailblazer/share/trailblazer/environment/ament_prefix_path.sh
[0.197s] -- Up-to-date symlink: /home/mpatching/trailblazer/install/trailblazer/share/trailblazer/environment/ament_prefix_path.dsv
[0.197s] -- Up-to-date symlink: /home/mpatching/trailblazer/install/trailblazer/share/trailblazer/environment/path.sh
[0.197s] -- Up-to-date symlink: /home/mpatching/trailblazer/install/trailblazer/share/trailblazer/environment/path.dsv
[0.198s] -- Up-to-date symlink: /home/mpatching/trailblazer/install/trailblazer/share/trailblazer/local_setup.bash
[0.198s] -- Up-to-date symlink: /home/mpatching/trailblazer/install/trailblazer/share/trailblazer/local_setup.sh
[0.198s] -- Up-to-date symlink: /home/mpatching/trailblazer/install/trailblazer/share/trailblazer/local_setup.zsh
[0.199s] -- Up-to-date symlink: /home/mpatching/trailblazer/install/trailblazer/share/trailblazer/local_setup.dsv
[0.199s] -- Symlinking: /home/mpatching/trailblazer/install/trailblazer/share/trailblazer/package.dsv
[0.212s] -- Up-to-date symlink: /home/mpatching/trailblazer/install/trailblazer/share/ament_index/resource_index/packages/trailblazer
[0.213s] -- Up-to-date symlink: /home/mpatching/trailblazer/install/trailblazer/share/trailblazer/cmake/trailblazerConfig.cmake
[0.213s] -- Up-to-date symlink: /home/mpatching/trailblazer/install/trailblazer/share/trailblazer/cmake/trailblazerConfig-version.cmake
[0.213s] -- Up-to-date symlink: /home/mpatching/trailblazer/install/trailblazer/share/trailblazer/package.xml
[0.217s] Invoked command in '/home/mpatching/trailblazer/build/trailblazer' returned '0': CMAKE_PREFIX_PATH=${CMAKE_PREFIX_PATH}:/opt/ros/humble /usr/bin/cmake --install /home/mpatching/trailblazer/build/trailblazer
