-- Install configuration: ""
-- Execute custom install script
-- Up-to-date symlink: /home/mpatching/41068_ws/install/trailblazer/share/trailblazer/config/41068.rviz
-- Up-to-date symlink: /home/mpatching/41068_ws/install/trailblazer/share/trailblazer/config/gazebo_bridge.yaml
-- Up-to-date symlink: /home/mpatching/41068_ws/install/trailblazer/share/trailblazer/config/nav2_minimal.yaml
-- Up-to-date symlink: /home/mpatching/41068_ws/install/trailblazer/share/trailblazer/config/nav2_params.yaml
-- Up-to-date symlink: /home/mpatching/41068_ws/install/trailblazer/share/trailblazer/config/robot_localization.yaml
-- Up-to-date symlink: /home/mpatching/41068_ws/install/trailblazer/share/trailblazer/config/slam_params.yaml
-- Up-to-date symlink: /home/mpatching/41068_ws/install/trailblazer/share/trailblazer/launch/41068_ignition.launch.py
-- Up-to-date symlink: /home/mpatching/41068_ws/install/trailblazer/share/trailblazer/launch/mission.launch.py
-- Up-to-date symlink: /home/mpatching/41068_ws/install/trailblazer/share/trailblazer/launch/navigation.launch.py
-- Up-to-date symlink: /home/mpatching/41068_ws/install/trailblazer/share/trailblazer/launch/pine_tree_detection.launch.py
-- Up-to-date symlink: /home/mpatching/41068_ws/install/trailblazer/share/trailblazer/models/boulder/boulder.sdf
-- Up-to-date symlink: /home/mpatching/41068_ws/install/trailblazer/share/trailblazer/models/boulder/model.config
-- Up-to-date symlink: /home/mpatching/41068_ws/install/trailblazer/share/trailblazer/models/forest_plane/materials/textures/empty_grass.png
-- Up-to-date symlink: /home/mpatching/41068_ws/install/trailblazer/share/trailblazer/models/forest_plane/materials/textures/forest_overhead.png
-- Up-to-date symlink: /home/mpatching/41068_ws/install/trailblazer/share/trailblazer/models/forest_plane/materials/textures/leaf_litter.png
-- Up-to-date symlink: /home/mpatching/41068_ws/install/trailblazer/share/trailblazer/models/forest_plane/model.config
-- Up-to-date symlink: /home/mpatching/41068_ws/install/trailblazer/share/trailblazer/models/forest_plane/model.sdf
-- Up-to-date symlink: /home/mpatching/41068_ws/install/trailblazer/share/trailblazer/models/forest_wall/materials/textures/forest_wall.png
-- Up-to-date symlink: /home/mpatching/41068_ws/install/trailblazer/share/trailblazer/models/forest_wall/materials/textures/forest_wall_transparent.png
-- Up-to-date symlink: /home/mpatching/41068_ws/install/trailblazer/share/trailblazer/models/forest_wall/materials/textures/forest_wall_transparent_small.png
-- Up-to-date symlink: /home/mpatching/41068_ws/install/trailblazer/share/trailblazer/models/forest_wall/model.config
-- Up-to-date symlink: /home/mpatching/41068_ws/install/trailblazer/share/trailblazer/models/forest_wall/model.sdf
-- Up-to-date symlink: /home/mpatching/41068_ws/install/trailblazer/share/trailblazer/models/grass_plane/materials/textures/empty_grass.png
-- Up-to-date symlink: /home/mpatching/41068_ws/install/trailblazer/share/trailblazer/models/grass_plane/model.config
-- Up-to-date symlink: /home/mpatching/41068_ws/install/trailblazer/share/trailblazer/models/grass_plane/model.sdf
-- Up-to-date symlink: /home/mpatching/41068_ws/install/trailblazer/share/trailblazer/worlds/large_demo.sdf
-- Up-to-date symlink: /home/mpatching/41068_ws/install/trailblazer/share/trailblazer/worlds/simple_trees.sdf
-- Up-to-date symlink: /home/mpatching/41068_ws/install/trailblazer/share/trailblazer/urdf_drone/common_properties.urdf.xacro
-- Up-to-date symlink: /home/mpatching/41068_ws/install/trailblazer/share/trailblazer/urdf_drone/hokuyo.urdf.xacro
-- Up-to-date symlink: /home/mpatching/41068_ws/install/trailblazer/share/trailblazer/urdf_drone/meshes/hull.dae
-- Up-to-date symlink: /home/mpatching/41068_ws/install/trailblazer/share/trailblazer/urdf_drone/meshes/propeller_fl.dae
-- Up-to-date symlink: /home/mpatching/41068_ws/install/trailblazer/share/trailblazer/urdf_drone/meshes/propeller_fr.dae
-- Up-to-date symlink: /home/mpatching/41068_ws/install/trailblazer/share/trailblazer/urdf_drone/meshes/propeller_rl.dae
-- Up-to-date symlink: /home/mpatching/41068_ws/install/trailblazer/share/trailblazer/urdf_drone/meshes/propeller_rr.dae
-- Up-to-date symlink: /home/mpatching/41068_ws/install/trailblazer/share/trailblazer/urdf_drone/model.config
-- Up-to-date symlink: /home/mpatching/41068_ws/install/trailblazer/share/trailblazer/urdf_drone/model.sdf
-- Up-to-date symlink: /home/mpatching/41068_ws/install/trailblazer/share/trailblazer/urdf_drone/parrot.gazebo.xacro
-- Up-to-date symlink: /home/mpatching/41068_ws/install/trailblazer/share/trailblazer/urdf_drone/parrot.urdf.xacro
-- Up-to-date symlink: /home/mpatching/41068_ws/install/trailblazer/share/trailblazer/urdf_drone/thumbnails/1.png
-- Up-to-date symlink: /home/mpatching/41068_ws/install/trailblazer/share/trailblazer/urdf_drone/thumbnails/2.png
-- Up-to-date symlink: /home/mpatching/41068_ws/install/trailblazer/share/trailblazer/urdf_drone/thumbnails/3.png
-- Up-to-date symlink: /home/mpatching/41068_ws/install/trailblazer/share/trailblazer/urdf_drone/thumbnails/4.png
-- Up-to-date symlink: /home/mpatching/41068_ws/install/trailblazer/share/trailblazer/urdf_drone/thumbnails/5.png
-- Up-to-date symlink: /home/mpatching/41068_ws/install/trailblazer/share/trailblazer/urdf_drone/thumbnails/hull.dae
[31mCMake Error at ament_cmake_symlink_install/ament_cmake_symlink_install.cmake:204 (message):
  ament_cmake_symlink_install_programs() can't find
  '/home/mpatching/41068_ws/src/trailblazer/nodes/lidar_perception_360'
Call Stack (most recent call first):
  ament_cmake_symlink_install/ament_cmake_symlink_install.cmake:317 (ament_cmake_symlink_install_programs)
  cmake_install.cmake:46 (include)

[0m
