[0.019s] Invoking command in '/home/mpatching/41068_ws/build/trailblazer': CMAKE_PREFIX_PATH=${CMAKE_PREFIX_PATH}:/opt/ros/humble /usr/bin/cmake /home/mpatching/41068_ws/src/trailblazer -DAMENT_CMAKE_SYMLINK_INSTALL=1 -DCMAKE_INSTALL_PREFIX=/home/mpatching/41068_ws/install/trailblazer
[0.436s] -- The C compiler identification is GNU 11.4.0
[1.685s] -- The CXX compiler identification is GNU 11.4.0
[2.536s] -- Detecting C compiler ABI info
[2.861s] -- Detecting C compiler ABI info - done
[2.869s] -- Check for working C compiler: /usr/bin/cc - skipped
[2.871s] -- Detecting C compile features
[2.872s] -- Detecting C compile features - done
[2.878s] -- Detecting CXX compiler ABI info
[3.256s] -- Detecting CXX compiler ABI info - done
[3.264s] -- Check for working CXX compiler: /usr/bin/c++ - skipped
[3.264s] -- Detecting CXX compile features
[3.265s] -- Detecting CXX compile features - done
[3.308s] -- Found ament_cmake: 1.3.12 (/opt/ros/humble/share/ament_cmake/cmake)
[3.512s] -- Found Python3: /usr/bin/python3 (found version "3.10.12") found components: Interpreter 
[3.595s] -- Override CMake install command with custom implementation using symlinks instead of copying resources
[3.646s] -- Found ros_ign_interfaces: 0.244.20 (/opt/ros/humble/share/ros_ign_interfaces/cmake)
[4.036s] -- Found rosidl_generator_c: 3.1.7 (/opt/ros/humble/share/rosidl_generator_c/cmake)
[4.045s] -- Found rosidl_adapter: 3.1.7 (/opt/ros/humble/share/rosidl_adapter/cmake)
[4.063s] -- Found rosidl_generator_cpp: 3.1.7 (/opt/ros/humble/share/rosidl_generator_cpp/cmake)
[4.098s] -- Using all available rosidl_typesupport_c: rosidl_typesupport_fastrtps_c;rosidl_typesupport_introspection_c
[4.135s] -- Using all available rosidl_typesupport_cpp: rosidl_typesupport_fastrtps_cpp;rosidl_typesupport_introspection_cpp
[4.306s] -- Found ament_lint_auto: 0.12.14 (/opt/ros/humble/share/ament_lint_auto/cmake)
[4.426s] -- Added test 'copyright' to check source files copyright and LICENSE
[4.432s] -- Added test 'flake8' to check Python code syntax and style conventions
[4.434s] -- Added test 'lint_cmake' to check CMake code style
[4.436s] -- Added test 'pep257' to check Python code against some of the docstring style conventions in PEP 257
[4.439s] -- Added test 'xmllint' to check XML markup files
[4.442s] -- Configuring done
[4.448s] -- Generating done
[4.450s] -- Build files have been written to: /home/mpatching/41068_ws/build/trailblazer
[4.464s] Invoked command in '/home/mpatching/41068_ws/build/trailblazer' returned '0': CMAKE_PREFIX_PATH=${CMAKE_PREFIX_PATH}:/opt/ros/humble /usr/bin/cmake /home/mpatching/41068_ws/src/trailblazer -DAMENT_CMAKE_SYMLINK_INSTALL=1 -DCMAKE_INSTALL_PREFIX=/home/mpatching/41068_ws/install/trailblazer
[4.466s] Invoking command in '/home/mpatching/41068_ws/build/trailblazer': CMAKE_PREFIX_PATH=${CMAKE_PREFIX_PATH}:/opt/ros/humble /usr/bin/cmake --build /home/mpatching/41068_ws/build/trailblazer -- -j22 -l22
[4.506s] Invoked command in '/home/mpatching/41068_ws/build/trailblazer' returned '0': CMAKE_PREFIX_PATH=${CMAKE_PREFIX_PATH}:/opt/ros/humble /usr/bin/cmake --build /home/mpatching/41068_ws/build/trailblazer -- -j22 -l22
[4.515s] Invoking command in '/home/mpatching/41068_ws/build/trailblazer': CMAKE_PREFIX_PATH=${CMAKE_PREFIX_PATH}:/opt/ros/humble /usr/bin/cmake --install /home/mpatching/41068_ws/build/trailblazer
[4.523s] -- Install configuration: ""
[4.523s] -- Execute custom install script
[4.524s] -- Symlinking: /home/mpatching/41068_ws/install/trailblazer/share/trailblazer/config/41068.rviz
[4.533s] -- Symlinking: /home/mpatching/41068_ws/install/trailblazer/share/trailblazer/config/gazebo_bridge.yaml
[4.542s] -- Symlinking: /home/mpatching/41068_ws/install/trailblazer/share/trailblazer/config/nav2_params.yaml
[4.560s] -- Symlinking: /home/mpatching/41068_ws/install/trailblazer/share/trailblazer/config/robot_localization.yaml
[4.569s] -- Symlinking: /home/mpatching/41068_ws/install/trailblazer/share/trailblazer/config/slam_params.yaml
[4.577s] -- Symlinking: /home/mpatching/41068_ws/install/trailblazer/share/trailblazer/launch/41068_ignition.launch.py
[4.587s] -- Symlinking: /home/mpatching/41068_ws/install/trailblazer/share/trailblazer/launch/41068_navigation.launch.py
[4.596s] -- Symlinking: /home/mpatching/41068_ws/install/trailblazer/share/trailblazer/launch/mission.launch.py
[4.606s] -- Symlinking: /home/mpatching/41068_ws/install/trailblazer/share/trailblazer/launch/pine_tree_detection.launch.py
[4.617s] -- Symlinking: /home/mpatching/41068_ws/install/trailblazer/share/trailblazer/models/boulder/boulder.sdf
[4.626s] -- Symlinking: /home/mpatching/41068_ws/install/trailblazer/share/trailblazer/models/boulder/model.config
[4.638s] -- Symlinking: /home/mpatching/41068_ws/install/trailblazer/share/trailblazer/models/forest_plane/materials/textures/empty_grass.png
[4.645s] -- Symlinking: /home/mpatching/41068_ws/install/trailblazer/share/trailblazer/models/forest_plane/materials/textures/forest_overhead.png
[4.653s] -- Symlinking: /home/mpatching/41068_ws/install/trailblazer/share/trailblazer/models/forest_plane/materials/textures/leaf_litter.png
[4.664s] -- Symlinking: /home/mpatching/41068_ws/install/trailblazer/share/trailblazer/models/forest_plane/model.config
[4.672s] -- Symlinking: /home/mpatching/41068_ws/install/trailblazer/share/trailblazer/models/forest_plane/model.sdf
[4.682s] -- Symlinking: /home/mpatching/41068_ws/install/trailblazer/share/trailblazer/models/forest_wall/materials/textures/forest_wall.png
[4.691s] -- Symlinking: /home/mpatching/41068_ws/install/trailblazer/share/trailblazer/models/forest_wall/materials/textures/forest_wall_transparent.png
[4.698s] -- Symlinking: /home/mpatching/41068_ws/install/trailblazer/share/trailblazer/models/forest_wall/materials/textures/forest_wall_transparent_small.png
[4.706s] -- Symlinking: /home/mpatching/41068_ws/install/trailblazer/share/trailblazer/models/forest_wall/model.config
[4.716s] -- Symlinking: /home/mpatching/41068_ws/install/trailblazer/share/trailblazer/models/forest_wall/model.sdf
[4.726s] -- Symlinking: /home/mpatching/41068_ws/install/trailblazer/share/trailblazer/models/grass_plane/materials/textures/empty_grass.png
[4.738s] -- Symlinking: /home/mpatching/41068_ws/install/trailblazer/share/trailblazer/models/grass_plane/model.config
[4.749s] -- Symlinking: /home/mpatching/41068_ws/install/trailblazer/share/trailblazer/models/grass_plane/model.sdf
[4.759s] -- Symlinking: /home/mpatching/41068_ws/install/trailblazer/share/trailblazer/urdf_drone/common_properties.urdf.xacro
[4.768s] -- Symlinking: /home/mpatching/41068_ws/install/trailblazer/share/trailblazer/urdf_drone/meshes/hull.dae
[4.777s] -- Symlinking: /home/mpatching/41068_ws/install/trailblazer/share/trailblazer/urdf_drone/meshes/propeller_fl.dae
[4.787s] -- Symlinking: /home/mpatching/41068_ws/install/trailblazer/share/trailblazer/urdf_drone/meshes/propeller_fr.dae
[4.796s] -- Symlinking: /home/mpatching/41068_ws/install/trailblazer/share/trailblazer/urdf_drone/meshes/propeller_rl.dae
[4.806s] -- Symlinking: /home/mpatching/41068_ws/install/trailblazer/share/trailblazer/urdf_drone/meshes/propeller_rr.dae
[4.815s] -- Symlinking: /home/mpatching/41068_ws/install/trailblazer/share/trailblazer/urdf_drone/model.config
[4.825s] -- Symlinking: /home/mpatching/41068_ws/install/trailblazer/share/trailblazer/urdf_drone/model.sdf
[4.834s] -- Symlinking: /home/mpatching/41068_ws/install/trailblazer/share/trailblazer/urdf_drone/parrot.gazebo.xacro
[4.845s] -- Symlinking: /home/mpatching/41068_ws/install/trailblazer/share/trailblazer/urdf_drone/parrot.urdf.xacro
[4.851s] -- Symlinking: /home/mpatching/41068_ws/install/trailblazer/share/trailblazer/urdf_drone/thumbnails/1.png
[4.860s] -- Symlinking: /home/mpatching/41068_ws/install/trailblazer/share/trailblazer/urdf_drone/thumbnails/2.png
[4.869s] -- Symlinking: /home/mpatching/41068_ws/install/trailblazer/share/trailblazer/urdf_drone/thumbnails/3.png
[4.879s] -- Symlinking: /home/mpatching/41068_ws/install/trailblazer/share/trailblazer/urdf_drone/thumbnails/4.png
[4.888s] -- Symlinking: /home/mpatching/41068_ws/install/trailblazer/share/trailblazer/urdf_drone/thumbnails/5.png
[4.896s] -- Symlinking: /home/mpatching/41068_ws/install/trailblazer/share/trailblazer/urdf_drone/thumbnails/hull.dae
[4.907s] -- Symlinking: /home/mpatching/41068_ws/install/trailblazer/share/trailblazer/worlds/large_demo.sdf
[4.915s] -- Symlinking: /home/mpatching/41068_ws/install/trailblazer/share/trailblazer/worlds/simple_trees.sdf
[4.933s] -- Symlinking: /home/mpatching/41068_ws/install/trailblazer/share/ament_index/resource_index/package_run_dependencies/trailblazer
[4.943s] -- Symlinking: /home/mpatching/41068_ws/install/trailblazer/share/ament_index/resource_index/parent_prefix_path/trailblazer
[4.954s] -- Symlinking: /home/mpatching/41068_ws/install/trailblazer/share/trailblazer/environment/ament_prefix_path.sh
[4.965s] -- Symlinking: /home/mpatching/41068_ws/install/trailblazer/share/trailblazer/environment/ament_prefix_path.dsv
[4.973s] -- Symlinking: /home/mpatching/41068_ws/install/trailblazer/share/trailblazer/environment/path.sh
[4.982s] -- Symlinking: /home/mpatching/41068_ws/install/trailblazer/share/trailblazer/environment/path.dsv
[4.993s] -- Symlinking: /home/mpatching/41068_ws/install/trailblazer/share/trailblazer/local_setup.bash
[5.004s] -- Symlinking: /home/mpatching/41068_ws/install/trailblazer/share/trailblazer/local_setup.sh
[5.012s] -- Symlinking: /home/mpatching/41068_ws/install/trailblazer/share/trailblazer/local_setup.zsh
[5.025s] -- Symlinking: /home/mpatching/41068_ws/install/trailblazer/share/trailblazer/local_setup.dsv
[5.033s] -- Symlinking: /home/mpatching/41068_ws/install/trailblazer/share/trailblazer/package.dsv
[5.042s] -- Symlinking: /home/mpatching/41068_ws/install/trailblazer/share/ament_index/resource_index/packages/trailblazer
[5.052s] -- Symlinking: /home/mpatching/41068_ws/install/trailblazer/share/trailblazer/cmake/trailblazerConfig.cmake
[5.060s] -- Symlinking: /home/mpatching/41068_ws/install/trailblazer/share/trailblazer/cmake/trailblazerConfig-version.cmake
[5.068s] -- Symlinking: /home/mpatching/41068_ws/install/trailblazer/share/trailblazer/package.xml
[5.079s] Invoked command in '/home/mpatching/41068_ws/build/trailblazer' returned '0': CMAKE_PREFIX_PATH=${CMAKE_PREFIX_PATH}:/opt/ros/humble /usr/bin/cmake --install /home/mpatching/41068_ws/build/trailblazer
