[0.009s] Invoking command in '/home/mpatching/41068_ws/build/41068_ignition_bringup': CMAKE_PREFIX_PATH=${CMAKE_PREFIX_PATH}:/opt/ros/humble /usr/bin/cmake /home/mpatching/41068_ws/src/41068_ignition_bringup -DAMENT_CMAKE_SYMLINK_INSTALL=1 -DCMAKE_INSTALL_PREFIX=/home/mpatching/41068_ws/install/41068_ignition_bringup
[0.018s] -- Found ament_cmake: 1.3.12 (/opt/ros/humble/share/ament_cmake/cmake)
[0.100s] -- Override CMake install command with custom implementation using symlinks instead of copying resources
[0.104s] -- Found ros_ign_interfaces: 0.244.20 (/opt/ros/humble/share/ros_ign_interfaces/cmake)
[0.265s] -- Found rosidl_generator_c: 3.1.7 (/opt/ros/humble/share/rosidl_generator_c/cmake)
[0.266s] -- Found rosidl_adapter: 3.1.7 (/opt/ros/humble/share/rosidl_adapter/cmake)
[0.270s] -- Found rosidl_generator_cpp: 3.1.7 (/opt/ros/humble/share/rosidl_generator_cpp/cmake)
[0.276s] -- Using all available rosidl_typesupport_c: rosidl_typesupport_fastrtps_c;rosidl_typesupport_introspection_c
[0.284s] -- Using all available rosidl_typesupport_cpp: rosidl_typesupport_fastrtps_cpp;rosidl_typesupport_introspection_cpp
[0.340s] -- Found ament_lint_auto: 0.12.14 (/opt/ros/humble/share/ament_lint_auto/cmake)
[0.374s] WARNING: Package name "41068_ignition_bringup" does not follow the naming conventions. It should start with a lower case letter and only contain lower case letters, digits, underscores, and dashes.
[0.386s] -- Added test 'copyright' to check source files copyright and LICENSE
[0.389s] -- Added test 'flake8' to check Python code syntax and style conventions
[0.390s] -- Added test 'lint_cmake' to check CMake code style
[0.390s] -- Added test 'pep257' to check Python code against some of the docstring style conventions in PEP 257
[0.392s] -- Added test 'xmllint' to check XML markup files
[0.393s] -- Configuring done
[0.396s] -- Generating done
[0.398s] -- Build files have been written to: /home/mpatching/41068_ws/build/41068_ignition_bringup
[0.404s] Invoked command in '/home/mpatching/41068_ws/build/41068_ignition_bringup' returned '0': CMAKE_PREFIX_PATH=${CMAKE_PREFIX_PATH}:/opt/ros/humble /usr/bin/cmake /home/mpatching/41068_ws/src/41068_ignition_bringup -DAMENT_CMAKE_SYMLINK_INSTALL=1 -DCMAKE_INSTALL_PREFIX=/home/mpatching/41068_ws/install/41068_ignition_bringup
[0.405s] Invoking command in '/home/mpatching/41068_ws/build/41068_ignition_bringup': CMAKE_PREFIX_PATH=${CMAKE_PREFIX_PATH}:/opt/ros/humble /usr/bin/cmake --build /home/mpatching/41068_ws/build/41068_ignition_bringup -- -j22 -l22
[0.433s] Invoked command in '/home/mpatching/41068_ws/build/41068_ignition_bringup' returned '0': CMAKE_PREFIX_PATH=${CMAKE_PREFIX_PATH}:/opt/ros/humble /usr/bin/cmake --build /home/mpatching/41068_ws/build/41068_ignition_bringup -- -j22 -l22
[0.440s] Invoking command in '/home/mpatching/41068_ws/build/41068_ignition_bringup': CMAKE_PREFIX_PATH=${CMAKE_PREFIX_PATH}:/opt/ros/humble /usr/bin/cmake --install /home/mpatching/41068_ws/build/41068_ignition_bringup
[0.445s] -- Install configuration: ""
[0.445s] -- Execute custom install script
[0.445s] -- Up-to-date symlink: /home/mpatching/41068_ws/install/41068_ignition_bringup/share/41068_ignition_bringup/config/41068.rviz
[0.445s] -- Up-to-date symlink: /home/mpatching/41068_ws/install/41068_ignition_bringup/share/41068_ignition_bringup/config/gazebo_bridge.yaml
[0.445s] -- Up-to-date symlink: /home/mpatching/41068_ws/install/41068_ignition_bringup/share/41068_ignition_bringup/config/nav2_params.yaml
[0.445s] -- Up-to-date symlink: /home/mpatching/41068_ws/install/41068_ignition_bringup/share/41068_ignition_bringup/config/robot_localization.yaml
[0.446s] -- Up-to-date symlink: /home/mpatching/41068_ws/install/41068_ignition_bringup/share/41068_ignition_bringup/config/slam_params.yaml
[0.446s] -- Up-to-date symlink: /home/mpatching/41068_ws/install/41068_ignition_bringup/share/41068_ignition_bringup/launch/41068_ignition.launch.py
[0.446s] -- Up-to-date symlink: /home/mpatching/41068_ws/install/41068_ignition_bringup/share/41068_ignition_bringup/launch/41068_navigation.launch.py
[0.446s] -- Up-to-date symlink: /home/mpatching/41068_ws/install/41068_ignition_bringup/share/41068_ignition_bringup/launch/pine_tree_detection.launch.py
[0.446s] -- Up-to-date symlink: /home/mpatching/41068_ws/install/41068_ignition_bringup/share/41068_ignition_bringup/models/boulder/boulder.sdf
[0.446s] -- Up-to-date symlink: /home/mpatching/41068_ws/install/41068_ignition_bringup/share/41068_ignition_bringup/models/boulder/model.config
[0.447s] -- Up-to-date symlink: /home/mpatching/41068_ws/install/41068_ignition_bringup/share/41068_ignition_bringup/models/forest_plane/materials/textures/empty_grass.png
[0.447s] -- Up-to-date symlink: /home/mpatching/41068_ws/install/41068_ignition_bringup/share/41068_ignition_bringup/models/forest_plane/materials/textures/forest_overhead.png
[0.447s] -- Up-to-date symlink: /home/mpatching/41068_ws/install/41068_ignition_bringup/share/41068_ignition_bringup/models/forest_plane/materials/textures/leaf_litter.png
[0.447s] -- Up-to-date symlink: /home/mpatching/41068_ws/install/41068_ignition_bringup/share/41068_ignition_bringup/models/forest_plane/model.config
[0.447s] -- Up-to-date symlink: /home/mpatching/41068_ws/install/41068_ignition_bringup/share/41068_ignition_bringup/models/forest_plane/model.sdf
[0.447s] -- Up-to-date symlink: /home/mpatching/41068_ws/install/41068_ignition_bringup/share/41068_ignition_bringup/models/forest_wall/materials/textures/forest_wall.png
[0.447s] -- Up-to-date symlink: /home/mpatching/41068_ws/install/41068_ignition_bringup/share/41068_ignition_bringup/models/forest_wall/materials/textures/forest_wall_transparent.png
[0.448s] -- Up-to-date symlink: /home/mpatching/41068_ws/install/41068_ignition_bringup/share/41068_ignition_bringup/models/forest_wall/materials/textures/forest_wall_transparent_small.png
[0.448s] -- Up-to-date symlink: /home/mpatching/41068_ws/install/41068_ignition_bringup/share/41068_ignition_bringup/models/forest_wall/model.config
[0.448s] -- Up-to-date symlink: /home/mpatching/41068_ws/install/41068_ignition_bringup/share/41068_ignition_bringup/models/forest_wall/model.sdf
[0.448s] -- Up-to-date symlink: /home/mpatching/41068_ws/install/41068_ignition_bringup/share/41068_ignition_bringup/models/grass_plane/materials/textures/empty_grass.png
[0.448s] -- Up-to-date symlink: /home/mpatching/41068_ws/install/41068_ignition_bringup/share/41068_ignition_bringup/models/grass_plane/model.config
[0.448s] -- Up-to-date symlink: /home/mpatching/41068_ws/install/41068_ignition_bringup/share/41068_ignition_bringup/models/grass_plane/model.sdf
[0.448s] -- Up-to-date symlink: /home/mpatching/41068_ws/install/41068_ignition_bringup/share/41068_ignition_bringup/urdf/common_properties.urdf.xacro
[0.448s] -- Up-to-date symlink: /home/mpatching/41068_ws/install/41068_ignition_bringup/share/41068_ignition_bringup/urdf/husky.gazebo.xacro
[0.448s] -- Up-to-date symlink: /home/mpatching/41068_ws/install/41068_ignition_bringup/share/41068_ignition_bringup/urdf/husky.urdf.xacro
[0.449s] -- Up-to-date symlink: /home/mpatching/41068_ws/install/41068_ignition_bringup/share/41068_ignition_bringup/urdf/meshes/base_link.dae
[0.449s] -- Up-to-date symlink: /home/mpatching/41068_ws/install/41068_ignition_bringup/share/41068_ignition_bringup/urdf/meshes/bumper.dae
[0.449s] -- Up-to-date symlink: /home/mpatching/41068_ws/install/41068_ignition_bringup/share/41068_ignition_bringup/urdf/meshes/jpl04_arch_nosensor.stl
[0.449s] -- Up-to-date symlink: /home/mpatching/41068_ws/install/41068_ignition_bringup/share/41068_ignition_bringup/urdf/meshes/top_chassis.dae
[0.449s] -- Up-to-date symlink: /home/mpatching/41068_ws/install/41068_ignition_bringup/share/41068_ignition_bringup/urdf/meshes/top_plate.dae
[0.449s] -- Up-to-date symlink: /home/mpatching/41068_ws/install/41068_ignition_bringup/share/41068_ignition_bringup/urdf/meshes/wheel.dae
[0.449s] -- Up-to-date symlink: /home/mpatching/41068_ws/install/41068_ignition_bringup/share/41068_ignition_bringup/urdf/sensors/hokuyo.urdf.xacro
[0.449s] -- Up-to-date symlink: /home/mpatching/41068_ws/install/41068_ignition_bringup/share/41068_ignition_bringup/urdf/wheel.urdf.xacro
[0.449s] -- Up-to-date symlink: /home/mpatching/41068_ws/install/41068_ignition_bringup/share/41068_ignition_bringup/urdf/x500/back.png
[0.449s] -- Up-to-date symlink: /home/mpatching/41068_ws/install/41068_ignition_bringup/share/41068_ignition_bringup/urdf/x500/front.png
[0.449s] -- Up-to-date symlink: /home/mpatching/41068_ws/install/41068_ignition_bringup/share/41068_ignition_bringup/urdf/x500/left.png
[0.449s] -- Up-to-date symlink: /home/mpatching/41068_ws/install/41068_ignition_bringup/share/41068_ignition_bringup/urdf/x500/model.config
[0.449s] -- Up-to-date symlink: /home/mpatching/41068_ws/install/41068_ignition_bringup/share/41068_ignition_bringup/urdf/x500/model.sdf
[0.450s] -- Up-to-date symlink: /home/mpatching/41068_ws/install/41068_ignition_bringup/share/41068_ignition_bringup/urdf/x500/right.png
[0.450s] -- Up-to-date symlink: /home/mpatching/41068_ws/install/41068_ignition_bringup/share/41068_ignition_bringup/worlds/large_demo.sdf
[0.450s] -- Up-to-date symlink: /home/mpatching/41068_ws/install/41068_ignition_bringup/share/41068_ignition_bringup/worlds/simple_trees.sdf
[0.450s] -- Up-to-date symlink: /home/mpatching/41068_ws/install/41068_ignition_bringup/share/ament_index/resource_index/package_run_dependencies/41068_ignition_bringup
[0.450s] -- Up-to-date symlink: /home/mpatching/41068_ws/install/41068_ignition_bringup/share/ament_index/resource_index/parent_prefix_path/41068_ignition_bringup
[0.450s] -- Up-to-date symlink: /home/mpatching/41068_ws/install/41068_ignition_bringup/share/41068_ignition_bringup/environment/ament_prefix_path.sh
[0.450s] -- Up-to-date symlink: /home/mpatching/41068_ws/install/41068_ignition_bringup/share/41068_ignition_bringup/environment/ament_prefix_path.dsv
[0.450s] -- Up-to-date symlink: /home/mpatching/41068_ws/install/41068_ignition_bringup/share/41068_ignition_bringup/environment/path.sh
[0.450s] -- Up-to-date symlink: /home/mpatching/41068_ws/install/41068_ignition_bringup/share/41068_ignition_bringup/environment/path.dsv
[0.450s] -- Up-to-date symlink: /home/mpatching/41068_ws/install/41068_ignition_bringup/share/41068_ignition_bringup/local_setup.bash
[0.450s] -- Up-to-date symlink: /home/mpatching/41068_ws/install/41068_ignition_bringup/share/41068_ignition_bringup/local_setup.sh
[0.450s] -- Up-to-date symlink: /home/mpatching/41068_ws/install/41068_ignition_bringup/share/41068_ignition_bringup/local_setup.zsh
[0.451s] -- Up-to-date symlink: /home/mpatching/41068_ws/install/41068_ignition_bringup/share/41068_ignition_bringup/local_setup.dsv
[0.451s] -- Symlinking: /home/mpatching/41068_ws/install/41068_ignition_bringup/share/41068_ignition_bringup/package.dsv
[0.457s] -- Up-to-date symlink: /home/mpatching/41068_ws/install/41068_ignition_bringup/share/ament_index/resource_index/packages/41068_ignition_bringup
[0.457s] -- Up-to-date symlink: /home/mpatching/41068_ws/install/41068_ignition_bringup/share/41068_ignition_bringup/cmake/41068_ignition_bringupConfig.cmake
[0.457s] -- Up-to-date symlink: /home/mpatching/41068_ws/install/41068_ignition_bringup/share/41068_ignition_bringup/cmake/41068_ignition_bringupConfig-version.cmake
[0.457s] -- Up-to-date symlink: /home/mpatching/41068_ws/install/41068_ignition_bringup/share/41068_ignition_bringup/package.xml
[0.459s] Invoked command in '/home/mpatching/41068_ws/build/41068_ignition_bringup' returned '0': CMAKE_PREFIX_PATH=${CMAKE_PREFIX_PATH}:/opt/ros/humble /usr/bin/cmake --install /home/mpatching/41068_ws/build/41068_ignition_bringup
