[0.009s] Invoking command in '/home/mpatching/trailblazer/build/trailblazer': CMAKE_PREFIX_PATH=${CMAKE_PREFIX_PATH}:/opt/ros/humble /usr/bin/cmake --build /home/mpatching/trailblazer/build/trailblazer -- -j22 -l22
[0.025s] -- Found ament_cmake: 1.3.12 (/opt/ros/humble/share/ament_cmake/cmake)
[0.108s] -- Override CMake install command with custom implementation using symlinks instead of copying resources
[0.154s] -- Configuring done
[0.156s] -- Generating done
[0.157s] -- Build files have been written to: /home/mpatching/trailblazer/build/trailblazer
[0.173s] Invoked command in '/home/mpatching/trailblazer/build/trailblazer' returned '0': CMAKE_PREFIX_PATH=${CMAKE_PREFIX_PATH}:/opt/ros/humble /usr/bin/cmake --build /home/mpatching/trailblazer/build/trailblazer -- -j22 -l22
[0.179s] Invoking command in '/home/mpatching/trailblazer/build/trailblazer': CMAKE_PREFIX_PATH=${CMAKE_PREFIX_PATH}:/opt/ros/humble /usr/bin/cmake --install /home/mpatching/trailblazer/build/trailblazer
[0.185s] -- Install configuration: ""
[0.185s] -- Execute custom install script
[0.186s] -- Up-to-date symlink: /home/mpatching/trailblazer/install/trailblazer/share/trailblazer/config/41068.rviz
[0.186s] -- Up-to-date symlink: /home/mpatching/trailblazer/install/trailblazer/share/trailblazer/config/gazebo_bridge.yaml
[0.186s] -- Up-to-date symlink: /home/mpatching/trailblazer/install/trailblazer/share/trailblazer/config/nav2_minimal.yaml
[0.187s] -- Up-to-date symlink: /home/mpatching/trailblazer/install/trailblazer/share/trailblazer/config/nav2_params.yaml
[0.187s] -- Up-to-date symlink: /home/mpatching/trailblazer/install/trailblazer/share/trailblazer/config/robot_localization.yaml
[0.187s] -- Up-to-date symlink: /home/mpatching/trailblazer/install/trailblazer/share/trailblazer/config/slam_params.yaml
[0.187s] -- Up-to-date symlink: /home/mpatching/trailblazer/install/trailblazer/share/trailblazer/launch/mission.launch.py
[0.187s] -- Up-to-date symlink: /home/mpatching/trailblazer/install/trailblazer/share/trailblazer/launch/navigation.launch.py
[0.187s] -- Up-to-date symlink: /home/mpatching/trailblazer/install/trailblazer/share/trailblazer/models/boulder/boulder.sdf
[0.187s] -- Up-to-date symlink: /home/mpatching/trailblazer/install/trailblazer/share/trailblazer/models/boulder/model.config
[0.187s] -- Up-to-date symlink: /home/mpatching/trailblazer/install/trailblazer/share/trailblazer/models/forest_plane/materials/textures/empty_grass.png
[0.187s] -- Up-to-date symlink: /home/mpatching/trailblazer/install/trailblazer/share/trailblazer/models/forest_plane/materials/textures/forest_overhead.png
[0.187s] -- Up-to-date symlink: /home/mpatching/trailblazer/install/trailblazer/share/trailblazer/models/forest_plane/materials/textures/leaf_litter.png
[0.187s] -- Up-to-date symlink: /home/mpatching/trailblazer/install/trailblazer/share/trailblazer/models/forest_plane/model.config
[0.187s] -- Up-to-date symlink: /home/mpatching/trailblazer/install/trailblazer/share/trailblazer/models/forest_plane/model.sdf
[0.187s] -- Up-to-date symlink: /home/mpatching/trailblazer/install/trailblazer/share/trailblazer/models/forest_wall/materials/textures/forest_wall.png
[0.188s] -- Up-to-date symlink: /home/mpatching/trailblazer/install/trailblazer/share/trailblazer/models/forest_wall/materials/textures/forest_wall_transparent.png
[0.188s] -- Up-to-date symlink: /home/mpatching/trailblazer/install/trailblazer/share/trailblazer/models/forest_wall/materials/textures/forest_wall_transparent_small.png
[0.188s] -- Up-to-date symlink: /home/mpatching/trailblazer/install/trailblazer/share/trailblazer/models/forest_wall/model.config
[0.188s] -- Up-to-date symlink: /home/mpatching/trailblazer/install/trailblazer/share/trailblazer/models/forest_wall/model.sdf
[0.188s] -- Up-to-date symlink: /home/mpatching/trailblazer/install/trailblazer/share/trailblazer/models/grass_plane/materials/textures/empty_grass.png
[0.188s] -- Up-to-date symlink: /home/mpatching/trailblazer/install/trailblazer/share/trailblazer/models/grass_plane/model.config
[0.188s] -- Up-to-date symlink: /home/mpatching/trailblazer/install/trailblazer/share/trailblazer/models/grass_plane/model.sdf
[0.188s] -- Up-to-date symlink: /home/mpatching/trailblazer/install/trailblazer/share/trailblazer/worlds/large_demo.sdf
[0.188s] -- Up-to-date symlink: /home/mpatching/trailblazer/install/trailblazer/share/trailblazer/worlds/simple_trees.sdf
[0.188s] -- Up-to-date symlink: /home/mpatching/trailblazer/install/trailblazer/share/trailblazer/worlds/test_terrain.sdf
[0.188s] -- Up-to-date symlink: /home/mpatching/trailblazer/install/trailblazer/share/trailblazer/urdf_drone/common_properties.urdf.xacro
[0.189s] -- Up-to-date symlink: /home/mpatching/trailblazer/install/trailblazer/share/trailblazer/urdf_drone/meshes/hull.dae
[0.189s] -- Up-to-date symlink: /home/mpatching/trailblazer/install/trailblazer/share/trailblazer/urdf_drone/meshes/propeller_fl.dae
[0.189s] -- Up-to-date symlink: /home/mpatching/trailblazer/install/trailblazer/share/trailblazer/urdf_drone/meshes/propeller_fr.dae
[0.189s] -- Up-to-date symlink: /home/mpatching/trailblazer/install/trailblazer/share/trailblazer/urdf_drone/meshes/propeller_rl.dae
[0.189s] -- Up-to-date symlink: /home/mpatching/trailblazer/install/trailblazer/share/trailblazer/urdf_drone/meshes/propeller_rr.dae
[0.189s] -- Up-to-date symlink: /home/mpatching/trailblazer/install/trailblazer/share/trailblazer/urdf_drone/model.config
[0.189s] -- Up-to-date symlink: /home/mpatching/trailblazer/install/trailblazer/share/trailblazer/urdf_drone/model.sdf
[0.189s] -- Up-to-date symlink: /home/mpatching/trailblazer/install/trailblazer/share/trailblazer/urdf_drone/parrot.gazebo.xacro
[0.189s] -- Up-to-date symlink: /home/mpatching/trailblazer/install/trailblazer/share/trailblazer/urdf_drone/parrot.urdf.xacro
[0.189s] -- Up-to-date symlink: /home/mpatching/trailblazer/install/trailblazer/share/trailblazer/urdf_drone/thumbnails/1.png
[0.190s] -- Up-to-date symlink: /home/mpatching/trailblazer/install/trailblazer/share/trailblazer/urdf_drone/thumbnails/2.png
[0.190s] -- Up-to-date symlink: /home/mpatching/trailblazer/install/trailblazer/share/trailblazer/urdf_drone/thumbnails/3.png
[0.190s] -- Up-to-date symlink: /home/mpatching/trailblazer/install/trailblazer/share/trailblazer/urdf_drone/thumbnails/4.png
[0.190s] -- Up-to-date symlink: /home/mpatching/trailblazer/install/trailblazer/share/trailblazer/urdf_drone/thumbnails/5.png
[0.190s] -- Up-to-date symlink: /home/mpatching/trailblazer/install/trailblazer/share/trailblazer/urdf_drone/thumbnails/hull.dae
[0.190s] -- Up-to-date symlink: /home/mpatching/trailblazer/install/trailblazer/lib/trailblazer/lidar_perception_360.py
[0.190s] -- Up-to-date symlink: /home/mpatching/trailblazer/install/trailblazer/lib/trailblazer/pose_relay.py
[0.190s] [31mCMake Error at ament_cmake_symlink_install/ament_cmake_symlink_install.cmake:204 (message):
[0.190s]   ament_cmake_symlink_install_programs() can't find
[0.190s]   '/home/mpatching/trailblazer/nodes/altitude_mixer.py'
[0.190s] Call Stack (most recent call first):
[0.190s]   ament_cmake_symlink_install/ament_cmake_symlink_install.cmake:317 (ament_cmake_symlink_install_programs)
[0.190s]   cmake_install.cmake:46 (include)
[0.190s] 
[0.190s] [0m
[0.191s] Invoked command in '/home/mpatching/trailblazer/build/trailblazer' returned '1': CMAKE_PREFIX_PATH=${CMAKE_PREFIX_PATH}:/opt/ros/humble /usr/bin/cmake --install /home/mpatching/trailblazer/build/trailblazer
