[0.328s] DEBUG:colcon:Command line arguments: ['/usr/bin/colcon', 'build', '--symlink-install']
[0.328s] DEBUG:colcon:Parsed command line arguments: Namespace(log_base=None, log_level=None, verb_name='build', build_base='build', install_base='install', merge_install=False, symlink_install=True, test_result_base=None, continue_on_error=False, executor='parallel', parallel_workers=22, event_handlers=None, ignore_user_meta=False, metas=['./colcon.meta'], base_paths=['.'], packages_ignore=None, packages_ignore_regex=None, paths=None, packages_up_to=None, packages_up_to_regex=None, packages_above=None, packages_above_and_dependencies=None, packages_above_depth=None, packages_select_by_dep=None, packages_skip_by_dep=None, packages_skip_up_to=None, packages_select_build_failed=False, packages_skip_build_finished=False, packages_select_test_failures=False, packages_skip_test_passed=False, packages_select=None, packages_skip=None, packages_select_regex=None, packages_skip_regex=None, packages_start=None, packages_end=None, allow_overriding=[], cmake_args=None, cmake_target=None, cmake_target_skip_unavailable=False, cmake_clean_cache=False, cmake_clean_first=False, cmake_force_configure=False, ament_cmake_args=None, catkin_cmake_args=None, catkin_skip_building_tests=False, mixin_files=None, mixin=None, verb_parser=<colcon_mixin.mixin.mixin_argument.MixinArgumentDecorator object at 0x79a55785e2c0>, verb_extension=<colcon_core.verb.build.BuildVerb object at 0x79a5579df910>, main=<bound method BuildVerb.main of <colcon_core.verb.build.BuildVerb object at 0x79a5579df910>>, mixin_verb=('build',))
[0.791s] Level 1:colcon.colcon_core.package_discovery:discover_packages(colcon_meta) check parameters
[0.791s] Level 1:colcon.colcon_core.package_discovery:discover_packages(recursive) check parameters
[0.791s] Level 1:colcon.colcon_core.package_discovery:discover_packages(ignore) check parameters
[0.791s] Level 1:colcon.colcon_core.package_discovery:discover_packages(path) check parameters
[0.791s] Level 1:colcon.colcon_core.package_discovery:discover_packages(colcon_meta) discover
[0.791s] Level 1:colcon.colcon_core.package_discovery:discover_packages(recursive) discover
[0.792s] INFO:colcon.colcon_core.package_discovery:Crawling recursively for packages in '/home/mpatching/trailblazer'
[0.792s] Level 1:colcon.colcon_core.package_identification:_identify(.) by extensions ['ignore', 'ignore_ament_install']
[0.792s] Level 1:colcon.colcon_core.package_identification:_identify(.) by extension 'ignore'
[0.792s] Level 1:colcon.colcon_core.package_identification:_identify(.) by extension 'ignore_ament_install'
[0.792s] Level 1:colcon.colcon_core.package_identification:_identify(.) by extensions ['colcon_pkg']
[0.792s] Level 1:colcon.colcon_core.package_identification:_identify(.) by extension 'colcon_pkg'
[0.792s] Level 1:colcon.colcon_core.package_identification:_identify(.) by extensions ['colcon_meta']
[0.792s] Level 1:colcon.colcon_core.package_identification:_identify(.) by extension 'colcon_meta'
[0.792s] Level 1:colcon.colcon_core.package_identification:_identify(.) by extensions ['ros']
[0.792s] Level 1:colcon.colcon_core.package_identification:_identify(.) by extension 'ros'
[0.809s] DEBUG:colcon.colcon_core.package_identification:Package '.' with type 'ros.ament_cmake' and name 'trailblazer'
[0.809s] Level 1:colcon.colcon_core.package_discovery:discover_packages(recursive) using defaults
[0.809s] Level 1:colcon.colcon_core.package_discovery:discover_packages(ignore) discover
[0.809s] Level 1:colcon.colcon_core.package_discovery:discover_packages(ignore) using defaults
[0.809s] Level 1:colcon.colcon_core.package_discovery:discover_packages(path) discover
[0.809s] Level 1:colcon.colcon_core.package_discovery:discover_packages(path) using defaults
[0.865s] Level 1:colcon.colcon_core.package_discovery:discover_packages(prefix_path) check parameters
[0.865s] Level 1:colcon.colcon_core.package_discovery:discover_packages(prefix_path) discover
[0.869s] DEBUG:colcon.colcon_installed_package_information.package_discovery:Found 0 installed packages in /home/mpatching/ros2_ws/install
[0.871s] DEBUG:colcon.colcon_installed_package_information.package_discovery:Found 421 installed packages in /opt/ros/humble
[0.874s] Level 1:colcon.colcon_core.package_discovery:discover_packages(prefix_path) using defaults
[0.930s] Level 5:colcon.colcon_core.verb:set package 'trailblazer' build argument 'cmake_args' from command line to 'None'
[0.930s] Level 5:colcon.colcon_core.verb:set package 'trailblazer' build argument 'cmake_target' from command line to 'None'
[0.931s] Level 5:colcon.colcon_core.verb:set package 'trailblazer' build argument 'cmake_target_skip_unavailable' from command line to 'False'
[0.931s] Level 5:colcon.colcon_core.verb:set package 'trailblazer' build argument 'cmake_clean_cache' from command line to 'False'
[0.931s] Level 5:colcon.colcon_core.verb:set package 'trailblazer' build argument 'cmake_clean_first' from command line to 'False'
[0.931s] Level 5:colcon.colcon_core.verb:set package 'trailblazer' build argument 'cmake_force_configure' from command line to 'False'
[0.931s] Level 5:colcon.colcon_core.verb:set package 'trailblazer' build argument 'ament_cmake_args' from command line to 'None'
[0.931s] Level 5:colcon.colcon_core.verb:set package 'trailblazer' build argument 'catkin_cmake_args' from command line to 'None'
[0.931s] Level 5:colcon.colcon_core.verb:set package 'trailblazer' build argument 'catkin_skip_building_tests' from command line to 'False'
[0.931s] DEBUG:colcon.colcon_core.verb:Building package 'trailblazer' with the following arguments: {'ament_cmake_args': None, 'build_base': '/home/mpatching/trailblazer/build/trailblazer', 'catkin_cmake_args': None, 'catkin_skip_building_tests': False, 'cmake_args': None, 'cmake_clean_cache': False, 'cmake_clean_first': False, 'cmake_force_configure': False, 'cmake_target': None, 'cmake_target_skip_unavailable': False, 'install_base': '/home/mpatching/trailblazer/install/trailblazer', 'merge_install': False, 'path': '/home/mpatching/trailblazer', 'symlink_install': True, 'test_result_base': None}
[0.931s] INFO:colcon.colcon_core.executor:Executing jobs using 'parallel' executor
[0.932s] DEBUG:colcon.colcon_parallel_executor.executor.parallel:run_until_complete
[0.932s] INFO:colcon.colcon_ros.task.ament_cmake.build:Building ROS package in '/home/mpatching/trailblazer' with build type 'ament_cmake'
[0.932s] INFO:colcon.colcon_cmake.task.cmake.build:Building CMake package in '/home/mpatching/trailblazer'
[0.939s] INFO:colcon.colcon_core.plugin_system:Skipping extension 'colcon_core.shell.bat': Not used on non-Windows systems
[0.939s] INFO:colcon.colcon_core.shell:Skip shell extension 'powershell' for command environment: Not usable outside of PowerShell
[0.939s] DEBUG:colcon.colcon_core.shell:Skip shell extension 'dsv' for command environment
[0.955s] DEBUG:colcon.colcon_core.event_handler.log_command:Invoking command in '/home/mpatching/trailblazer/build/trailblazer': CMAKE_PREFIX_PATH=/opt/ros/humble /usr/bin/cmake --build /home/mpatching/trailblazer/build/trailblazer -- -j22 -l22
[1.031s] DEBUG:colcon.colcon_core.event_handler.log_command:Invoked command in '/home/mpatching/trailblazer/build/trailblazer' returned '0': CMAKE_PREFIX_PATH=/opt/ros/humble /usr/bin/cmake --build /home/mpatching/trailblazer/build/trailblazer -- -j22 -l22
[1.045s] DEBUG:colcon.colcon_core.event_handler.log_command:Invoking command in '/home/mpatching/trailblazer/build/trailblazer': CMAKE_PREFIX_PATH=/opt/ros/humble /usr/bin/cmake --install /home/mpatching/trailblazer/build/trailblazer
[1.087s] Level 1:colcon.colcon_core.environment:create_environment_scripts_only(trailblazer)
[1.088s] DEBUG:colcon.colcon_core.event_handler.log_command:Invoked command in '/home/mpatching/trailblazer/build/trailblazer' returned '0': CMAKE_PREFIX_PATH=/opt/ros/humble /usr/bin/cmake --install /home/mpatching/trailblazer/build/trailblazer
[1.099s] Level 1:colcon.colcon_core.environment:checking '/home/mpatching/trailblazer/install/trailblazer' for CMake module files
[1.100s] Level 1:colcon.colcon_core.environment:checking '/home/mpatching/trailblazer/install/trailblazer' for CMake config files
[1.101s] Level 1:colcon.colcon_core.shell:create_environment_hook('trailblazer', 'cmake_prefix_path')
[1.101s] INFO:colcon.colcon_core.shell:Creating environment hook '/home/mpatching/trailblazer/install/trailblazer/share/trailblazer/hook/cmake_prefix_path.ps1'
[1.103s] INFO:colcon.colcon_core.shell:Creating environment descriptor '/home/mpatching/trailblazer/install/trailblazer/share/trailblazer/hook/cmake_prefix_path.dsv'
[1.105s] INFO:colcon.colcon_core.shell:Creating environment hook '/home/mpatching/trailblazer/install/trailblazer/share/trailblazer/hook/cmake_prefix_path.sh'
[1.106s] Level 1:colcon.colcon_core.environment:checking '/home/mpatching/trailblazer/install/trailblazer/lib'
[1.107s] Level 1:colcon.colcon_core.environment:checking '/home/mpatching/trailblazer/install/trailblazer/bin'
[1.108s] Level 1:colcon.colcon_core.environment:checking '/home/mpatching/trailblazer/install/trailblazer/lib/pkgconfig/trailblazer.pc'
[1.108s] Level 1:colcon.colcon_core.environment:checking '/home/mpatching/trailblazer/install/trailblazer/lib/python3.10/site-packages'
[1.108s] Level 1:colcon.colcon_core.environment:checking '/home/mpatching/trailblazer/install/trailblazer/bin'
[1.108s] INFO:colcon.colcon_core.shell:Creating package script '/home/mpatching/trailblazer/install/trailblazer/share/trailblazer/package.ps1'
[1.110s] INFO:colcon.colcon_core.shell:Creating package descriptor '/home/mpatching/trailblazer/install/trailblazer/share/trailblazer/package.dsv'
[1.110s] INFO:colcon.colcon_core.shell:Creating package script '/home/mpatching/trailblazer/install/trailblazer/share/trailblazer/package.sh'
[1.112s] INFO:colcon.colcon_core.shell:Creating package script '/home/mpatching/trailblazer/install/trailblazer/share/trailblazer/package.bash'
[1.112s] INFO:colcon.colcon_core.shell:Creating package script '/home/mpatching/trailblazer/install/trailblazer/share/trailblazer/package.zsh'
[1.113s] Level 1:colcon.colcon_core.environment:create_file_with_runtime_dependencies(/home/mpatching/trailblazer/install/trailblazer/share/colcon-core/packages/trailblazer)
[1.114s] Level 1:colcon.colcon_core.environment:create_environment_scripts_only(trailblazer)
[1.114s] Level 1:colcon.colcon_core.environment:checking '/home/mpatching/trailblazer/install/trailblazer' for CMake module files
[1.114s] Level 1:colcon.colcon_core.environment:checking '/home/mpatching/trailblazer/install/trailblazer' for CMake config files
[1.115s] Level 1:colcon.colcon_core.shell:create_environment_hook('trailblazer', 'cmake_prefix_path')
[1.115s] INFO:colcon.colcon_core.shell:Creating environment hook '/home/mpatching/trailblazer/install/trailblazer/share/trailblazer/hook/cmake_prefix_path.ps1'
[1.116s] INFO:colcon.colcon_core.shell:Creating environment descriptor '/home/mpatching/trailblazer/install/trailblazer/share/trailblazer/hook/cmake_prefix_path.dsv'
[1.116s] INFO:colcon.colcon_core.shell:Creating environment hook '/home/mpatching/trailblazer/install/trailblazer/share/trailblazer/hook/cmake_prefix_path.sh'
[1.116s] Level 1:colcon.colcon_core.environment:checking '/home/mpatching/trailblazer/install/trailblazer/lib'
[1.117s] Level 1:colcon.colcon_core.environment:checking '/home/mpatching/trailblazer/install/trailblazer/bin'
[1.117s] Level 1:colcon.colcon_core.environment:checking '/home/mpatching/trailblazer/install/trailblazer/lib/pkgconfig/trailblazer.pc'
[1.117s] Level 1:colcon.colcon_core.environment:checking '/home/mpatching/trailblazer/install/trailblazer/lib/python3.10/site-packages'
[1.117s] Level 1:colcon.colcon_core.environment:checking '/home/mpatching/trailblazer/install/trailblazer/bin'
[1.117s] INFO:colcon.colcon_core.shell:Creating package script '/home/mpatching/trailblazer/install/trailblazer/share/trailblazer/package.ps1'
[1.118s] INFO:colcon.colcon_core.shell:Creating package descriptor '/home/mpatching/trailblazer/install/trailblazer/share/trailblazer/package.dsv'
[1.118s] INFO:colcon.colcon_core.shell:Creating package script '/home/mpatching/trailblazer/install/trailblazer/share/trailblazer/package.sh'
[1.118s] INFO:colcon.colcon_core.shell:Creating package script '/home/mpatching/trailblazer/install/trailblazer/share/trailblazer/package.bash'
[1.119s] INFO:colcon.colcon_core.shell:Creating package script '/home/mpatching/trailblazer/install/trailblazer/share/trailblazer/package.zsh'
[1.119s] Level 1:colcon.colcon_core.environment:create_file_with_runtime_dependencies(/home/mpatching/trailblazer/install/trailblazer/share/colcon-core/packages/trailblazer)
[1.119s] DEBUG:colcon.colcon_parallel_executor.executor.parallel:closing loop
[1.120s] DEBUG:colcon.colcon_parallel_executor.executor.parallel:loop closed
[1.120s] DEBUG:colcon.colcon_parallel_executor.executor.parallel:run_until_complete finished with '0'
[1.120s] DEBUG:colcon.colcon_core.event_reactor:joining thread
[1.202s] INFO:colcon.colcon_core.plugin_system:Skipping extension 'colcon_notification.desktop_notification.notify_send': Could not find 'notify-send'
[1.203s] INFO:colcon.colcon_core.plugin_system:Skipping extension 'colcon_notification.desktop_notification.terminal_notifier': Not used on non-Darwin systems
[1.203s] INFO:colcon.colcon_core.plugin_system:Skipping extension 'colcon_notification.desktop_notification.win32': Not used on non-Windows systems
[1.203s] INFO:colcon.colcon_notification.desktop_notification:Sending desktop notification using 'notify2'
[1.205s] DEBUG:colcon.colcon_notification.desktop_notification.notify2:Failed to initialize notify2: org.freedesktop.DBus.Error.ServiceUnknown: The name org.freedesktop.Notifications was not provided by any .service files
[1.205s] DEBUG:colcon.colcon_core.event_reactor:joined thread
[1.205s] INFO:colcon.colcon_core.shell:Creating prefix script '/home/mpatching/trailblazer/install/local_setup.ps1'
[1.207s] INFO:colcon.colcon_core.shell:Creating prefix util module '/home/mpatching/trailblazer/install/_local_setup_util_ps1.py'
[1.208s] INFO:colcon.colcon_core.shell:Creating prefix chain script '/home/mpatching/trailblazer/install/setup.ps1'
[1.216s] INFO:colcon.colcon_core.shell:Creating prefix script '/home/mpatching/trailblazer/install/local_setup.sh'
[1.218s] INFO:colcon.colcon_core.shell:Creating prefix util module '/home/mpatching/trailblazer/install/_local_setup_util_sh.py'
[1.218s] INFO:colcon.colcon_core.shell:Creating prefix chain script '/home/mpatching/trailblazer/install/setup.sh'
[1.222s] INFO:colcon.colcon_core.shell:Creating prefix script '/home/mpatching/trailblazer/install/local_setup.bash'
[1.223s] INFO:colcon.colcon_core.shell:Creating prefix chain script '/home/mpatching/trailblazer/install/setup.bash'
[1.224s] INFO:colcon.colcon_core.shell:Creating prefix script '/home/mpatching/trailblazer/install/local_setup.zsh'
[1.225s] INFO:colcon.colcon_core.shell:Creating prefix chain script '/home/mpatching/trailblazer/install/setup.zsh'
