[0.020s] Invoking command in '/home/mpatching/trailblazer/build/trailblazer': CMAKE_PREFIX_PATH=${CMAKE_PREFIX_PATH}:/opt/ros/humble /usr/bin/cmake /home/mpatching/trailblazer -DAMENT_CMAKE_SYMLINK_INSTALL=1 -DCMAKE_INSTALL_PREFIX=/home/mpatching/trailblazer/install/trailblazer
[0.477s] -- The C compiler identification is GNU 11.4.0
[1.322s] -- The CXX compiler identification is GNU 11.4.0
[1.822s] -- Detecting C compiler ABI info
[2.100s] -- Detecting C compiler ABI info - done
[2.107s] -- Check for working C compiler: /usr/bin/cc - skipped
[2.109s] -- Detecting C compile features
[2.110s] -- Detecting C compile features - done
[2.116s] -- Detecting CXX compiler ABI info
[2.324s] -- Detecting CXX compiler ABI info - done
[2.332s] -- Check for working CXX compiler: /usr/bin/c++ - skipped
[2.333s] -- Detecting CXX compile features
[2.334s] -- Detecting CXX compile features - done
[2.345s] -- Found ament_cmake: 1.3.12 (/opt/ros/humble/share/ament_cmake/cmake)
[2.526s] -- Found Python3: /usr/bin/python3 (found version "3.10.12") found components: Interpreter 
[2.616s] -- Override CMake install command with custom implementation using symlinks instead of copying resources
[2.673s] -- Found ros_ign_interfaces: 0.244.20 (/opt/ros/humble/share/ros_ign_interfaces/cmake)
[3.022s] -- Found rosidl_generator_c: 3.1.7 (/opt/ros/humble/share/rosidl_generator_c/cmake)
[3.030s] -- Found rosidl_adapter: 3.1.7 (/opt/ros/humble/share/rosidl_adapter/cmake)
[3.045s] -- Found rosidl_generator_cpp: 3.1.7 (/opt/ros/humble/share/rosidl_generator_cpp/cmake)
[3.070s] -- Using all available rosidl_typesupport_c: rosidl_typesupport_fastrtps_c;rosidl_typesupport_introspection_c
[3.096s] -- Using all available rosidl_typesupport_cpp: rosidl_typesupport_fastrtps_cpp;rosidl_typesupport_introspection_cpp
[3.330s] -- Configuring done
[3.334s] -- Generating done
[3.336s] -- Build files have been written to: /home/mpatching/trailblazer/build/trailblazer
[3.344s] Invoked command in '/home/mpatching/trailblazer/build/trailblazer' returned '0': CMAKE_PREFIX_PATH=${CMAKE_PREFIX_PATH}:/opt/ros/humble /usr/bin/cmake /home/mpatching/trailblazer -DAMENT_CMAKE_SYMLINK_INSTALL=1 -DCMAKE_INSTALL_PREFIX=/home/mpatching/trailblazer/install/trailblazer
[3.347s] Invoking command in '/home/mpatching/trailblazer/build/trailblazer': CMAKE_PREFIX_PATH=${CMAKE_PREFIX_PATH}:/opt/ros/humble /usr/bin/cmake --build /home/mpatching/trailblazer/build/trailblazer -- -j22 -l22
[3.388s] Invoked command in '/home/mpatching/trailblazer/build/trailblazer' returned '0': CMAKE_PREFIX_PATH=${CMAKE_PREFIX_PATH}:/opt/ros/humble /usr/bin/cmake --build /home/mpatching/trailblazer/build/trailblazer -- -j22 -l22
[3.399s] Invoking command in '/home/mpatching/trailblazer/build/trailblazer': CMAKE_PREFIX_PATH=${CMAKE_PREFIX_PATH}:/opt/ros/humble /usr/bin/cmake --install /home/mpatching/trailblazer/build/trailblazer
[3.406s] -- Install configuration: ""
[3.406s] -- Execute custom install script
[3.407s] -- Symlinking: /home/mpatching/trailblazer/install/trailblazer/share/trailblazer/config/41068.rviz
[3.418s] -- Symlinking: /home/mpatching/trailblazer/install/trailblazer/share/trailblazer/config/gazebo_bridge.yaml
[3.427s] -- Symlinking: /home/mpatching/trailblazer/install/trailblazer/share/trailblazer/config/nav2_minimal.yaml
[3.436s] -- Symlinking: /home/mpatching/trailblazer/install/trailblazer/share/trailblazer/config/nav2_params.yaml
[3.446s] -- Symlinking: /home/mpatching/trailblazer/install/trailblazer/share/trailblazer/config/robot_localization.yaml
[3.454s] -- Symlinking: /home/mpatching/trailblazer/install/trailblazer/share/trailblazer/config/slam_params.yaml
[3.464s] -- Symlinking: /home/mpatching/trailblazer/install/trailblazer/share/trailblazer/launch/41068_ignition.launch.py
[3.472s] -- Symlinking: /home/mpatching/trailblazer/install/trailblazer/share/trailblazer/launch/mission.launch.py
[3.480s] -- Symlinking: /home/mpatching/trailblazer/install/trailblazer/share/trailblazer/launch/navigation.launch.py
[3.490s] -- Symlinking: /home/mpatching/trailblazer/install/trailblazer/share/trailblazer/launch/pine_tree_detection.launch.py
[3.500s] -- Symlinking: /home/mpatching/trailblazer/install/trailblazer/share/trailblazer/models/boulder/boulder.sdf
[3.510s] -- Symlinking: /home/mpatching/trailblazer/install/trailblazer/share/trailblazer/models/boulder/model.config
[3.519s] -- Symlinking: /home/mpatching/trailblazer/install/trailblazer/share/trailblazer/models/forest_plane/materials/textures/empty_grass.png
[3.528s] -- Symlinking: /home/mpatching/trailblazer/install/trailblazer/share/trailblazer/models/forest_plane/materials/textures/forest_overhead.png
[3.537s] -- Symlinking: /home/mpatching/trailblazer/install/trailblazer/share/trailblazer/models/forest_plane/materials/textures/leaf_litter.png
[3.546s] -- Symlinking: /home/mpatching/trailblazer/install/trailblazer/share/trailblazer/models/forest_plane/model.config
[3.555s] -- Symlinking: /home/mpatching/trailblazer/install/trailblazer/share/trailblazer/models/forest_plane/model.sdf
[3.565s] -- Symlinking: /home/mpatching/trailblazer/install/trailblazer/share/trailblazer/models/forest_wall/materials/textures/forest_wall.png
[3.574s] -- Symlinking: /home/mpatching/trailblazer/install/trailblazer/share/trailblazer/models/forest_wall/materials/textures/forest_wall_transparent.png
[3.584s] -- Symlinking: /home/mpatching/trailblazer/install/trailblazer/share/trailblazer/models/forest_wall/materials/textures/forest_wall_transparent_small.png
[3.593s] -- Symlinking: /home/mpatching/trailblazer/install/trailblazer/share/trailblazer/models/forest_wall/model.config
[3.602s] -- Symlinking: /home/mpatching/trailblazer/install/trailblazer/share/trailblazer/models/forest_wall/model.sdf
[3.611s] -- Symlinking: /home/mpatching/trailblazer/install/trailblazer/share/trailblazer/models/grass_plane/materials/textures/empty_grass.png
[3.620s] -- Symlinking: /home/mpatching/trailblazer/install/trailblazer/share/trailblazer/models/grass_plane/model.config
[3.631s] -- Symlinking: /home/mpatching/trailblazer/install/trailblazer/share/trailblazer/models/grass_plane/model.sdf
[3.641s] -- Symlinking: /home/mpatching/trailblazer/install/trailblazer/share/trailblazer/worlds/large_demo.sdf
[3.650s] -- Symlinking: /home/mpatching/trailblazer/install/trailblazer/share/trailblazer/worlds/simple_trees.sdf
[3.661s] -- Symlinking: /home/mpatching/trailblazer/install/trailblazer/share/trailblazer/urdf_drone/common_properties.urdf.xacro
[3.674s] -- Symlinking: /home/mpatching/trailblazer/install/trailblazer/share/trailblazer/urdf_drone/hokuyo.urdf.xacro
[3.687s] -- Symlinking: /home/mpatching/trailblazer/install/trailblazer/share/trailblazer/urdf_drone/meshes/hull.dae
[3.698s] -- Symlinking: /home/mpatching/trailblazer/install/trailblazer/share/trailblazer/urdf_drone/meshes/propeller_fl.dae
[3.707s] -- Symlinking: /home/mpatching/trailblazer/install/trailblazer/share/trailblazer/urdf_drone/meshes/propeller_fr.dae
[3.721s] -- Symlinking: /home/mpatching/trailblazer/install/trailblazer/share/trailblazer/urdf_drone/meshes/propeller_rl.dae
[3.733s] -- Symlinking: /home/mpatching/trailblazer/install/trailblazer/share/trailblazer/urdf_drone/meshes/propeller_rr.dae
[3.743s] -- Symlinking: /home/mpatching/trailblazer/install/trailblazer/share/trailblazer/urdf_drone/model.config
[3.752s] -- Symlinking: /home/mpatching/trailblazer/install/trailblazer/share/trailblazer/urdf_drone/model.sdf
[3.760s] -- Symlinking: /home/mpatching/trailblazer/install/trailblazer/share/trailblazer/urdf_drone/parrot.gazebo.xacro
[3.770s] -- Symlinking: /home/mpatching/trailblazer/install/trailblazer/share/trailblazer/urdf_drone/parrot.urdf.xacro
[3.780s] -- Symlinking: /home/mpatching/trailblazer/install/trailblazer/share/trailblazer/urdf_drone/thumbnails/1.png
[3.790s] -- Symlinking: /home/mpatching/trailblazer/install/trailblazer/share/trailblazer/urdf_drone/thumbnails/2.png
[3.800s] -- Symlinking: /home/mpatching/trailblazer/install/trailblazer/share/trailblazer/urdf_drone/thumbnails/3.png
[3.808s] -- Symlinking: /home/mpatching/trailblazer/install/trailblazer/share/trailblazer/urdf_drone/thumbnails/4.png
[3.817s] -- Symlinking: /home/mpatching/trailblazer/install/trailblazer/share/trailblazer/urdf_drone/thumbnails/5.png
[3.826s] -- Symlinking: /home/mpatching/trailblazer/install/trailblazer/share/trailblazer/urdf_drone/thumbnails/hull.dae
[3.836s] -- Symlinking: /home/mpatching/trailblazer/install/trailblazer/lib/trailblazer/lidar_perception_360.py
[3.846s] -- Symlinking: /home/mpatching/trailblazer/install/trailblazer/lib/trailblazer/pose_relay.py
[3.855s] -- Symlinking: /home/mpatching/trailblazer/install/trailblazer/lib/trailblazer/climb_controller.py
[3.864s] -- Symlinking: /home/mpatching/trailblazer/install/trailblazer/lib/trailblazer/forward_10m_cli.py
[3.873s] -- Symlinking: /home/mpatching/trailblazer/install/trailblazer/lib/trailblazer/minimal_drone_nav.py
[3.882s] -- Symlinking: /home/mpatching/trailblazer/install/trailblazer/lib/trailblazer/altitude_mixer.py
[3.890s] -- Symlinking: /home/mpatching/trailblazer/install/trailblazer/lib/trailblazer/waypoint_planner.py
[3.899s] -- Symlinking: /home/mpatching/trailblazer/install/trailblazer/lib/trailblazer/flight_control.py
[3.908s] -- Symlinking: /home/mpatching/trailblazer/install/trailblazer/lib/trailblazer/gui_node.py
[3.917s] -- Symlinking: /home/mpatching/trailblazer/install/trailblazer/share/ament_index/resource_index/package_run_dependencies/trailblazer
[3.927s] -- Symlinking: /home/mpatching/trailblazer/install/trailblazer/share/ament_index/resource_index/parent_prefix_path/trailblazer
[3.938s] -- Symlinking: /home/mpatching/trailblazer/install/trailblazer/share/trailblazer/environment/ament_prefix_path.sh
[3.946s] -- Symlinking: /home/mpatching/trailblazer/install/trailblazer/share/trailblazer/environment/ament_prefix_path.dsv
[3.955s] -- Symlinking: /home/mpatching/trailblazer/install/trailblazer/share/trailblazer/environment/path.sh
[3.966s] -- Symlinking: /home/mpatching/trailblazer/install/trailblazer/share/trailblazer/environment/path.dsv
[3.976s] -- Symlinking: /home/mpatching/trailblazer/install/trailblazer/share/trailblazer/local_setup.bash
[3.985s] -- Symlinking: /home/mpatching/trailblazer/install/trailblazer/share/trailblazer/local_setup.sh
[3.995s] -- Symlinking: /home/mpatching/trailblazer/install/trailblazer/share/trailblazer/local_setup.zsh
[4.005s] -- Symlinking: /home/mpatching/trailblazer/install/trailblazer/share/trailblazer/local_setup.dsv
[4.015s] -- Symlinking: /home/mpatching/trailblazer/install/trailblazer/share/trailblazer/package.dsv
[4.026s] -- Symlinking: /home/mpatching/trailblazer/install/trailblazer/share/ament_index/resource_index/packages/trailblazer
[4.036s] -- Symlinking: /home/mpatching/trailblazer/install/trailblazer/share/trailblazer/cmake/trailblazerConfig.cmake
[4.045s] -- Symlinking: /home/mpatching/trailblazer/install/trailblazer/share/trailblazer/cmake/trailblazerConfig-version.cmake
[4.057s] -- Symlinking: /home/mpatching/trailblazer/install/trailblazer/share/trailblazer/package.xml
[4.068s] Invoked command in '/home/mpatching/trailblazer/build/trailblazer' returned '0': CMAKE_PREFIX_PATH=${CMAKE_PREFIX_PATH}:/opt/ros/humble /usr/bin/cmake --install /home/mpatching/trailblazer/build/trailblazer
