-- The C compiler identification is GNU 11.4.0
-- The CXX compiler identification is GNU 11.4.0
-- Detecting C compiler ABI info
-- Detecting C compiler ABI info - done
-- Check for working C compiler: /usr/bin/cc - skipped
-- Detecting C compile features
-- Detecting C compile features - done
-- Detecting CXX compiler ABI info
-- Detecting CXX compiler ABI info - done
-- Check for working CXX compiler: /usr/bin/c++ - skipped
-- Detecting CXX compile features
-- Detecting CXX compile features - done
-- Found ament_cmake: 1.3.12 (/opt/ros/humble/share/ament_cmake/cmake)
-- Found Python3: /usr/bin/python3 (found version "3.10.12") found components: Interpreter 
-- Override CMake install command with custom implementation using symlinks instead of copying resources
-- Found ros_ign_interfaces: 0.244.20 (/opt/ros/humble/share/ros_ign_interfaces/cmake)
-- Found rosidl_generator_c: 3.1.7 (/opt/ros/humble/share/rosidl_generator_c/cmake)
-- Found rosidl_adapter: 3.1.7 (/opt/ros/humble/share/rosidl_adapter/cmake)
-- Found rosidl_generator_cpp: 3.1.7 (/opt/ros/humble/share/rosidl_generator_cpp/cmake)
-- Using all available rosidl_typesupport_c: rosidl_typesupport_fastrtps_c;rosidl_typesupport_introspection_c
-- Using all available rosidl_typesupport_cpp: rosidl_typesupport_fastrtps_cpp;rosidl_typesupport_introspection_cpp
-- Found ament_lint_auto: 0.12.14 (/opt/ros/humble/share/ament_lint_auto/cmake)
-- Added test 'copyright' to check source files copyright and LICENSE
-- Added test 'cppcheck' to perform static code analysis on C / C++ code
-- Configured cppcheck include dirs: 
-- Configured cppcheck exclude dirs and/or files: 
-- Added test 'cpplint' to check C / C++ code against the Google style
-- Configured cpplint exclude dirs and/or files: 
-- Added test 'flake8' to check Python code syntax and style conventions
-- Added test 'lint_cmake' to check CMake code style
-- Added test 'pep257' to check Python code against some of the docstring style conventions in PEP 257
-- Added test 'uncrustify' to check C / C++ code style
-- Configured uncrustify additional arguments: 
-- Added test 'xmllint' to check XML markup files
-- Configuring done
-- Generating done
-- Build files have been written to: /home/mpatching/trailblazer/build/trailblazer
-- Install configuration: ""
-- Execute custom install script
-- Symlinking: /home/mpatching/trailblazer/install/trailblazer/share/trailblazer/config/41068.rviz
-- Symlinking: /home/mpatching/trailblazer/install/trailblazer/share/trailblazer/config/gazebo_bridge.yaml
-- Symlinking: /home/mpatching/trailblazer/install/trailblazer/share/trailblazer/config/nav2_params.yaml
-- Symlinking: /home/mpatching/trailblazer/install/trailblazer/share/trailblazer/config/robot_localization.yaml
-- Symlinking: /home/mpatching/trailblazer/install/trailblazer/share/trailblazer/config/slam_params.yaml
-- Symlinking: /home/mpatching/trailblazer/install/trailblazer/share/trailblazer/launch/41068_ignition.launch.py
-- Symlinking: /home/mpatching/trailblazer/install/trailblazer/share/trailblazer/launch/mission.launch.py
-- Symlinking: /home/mpatching/trailblazer/install/trailblazer/share/trailblazer/launch/navigation.launch.py
-- Symlinking: /home/mpatching/trailblazer/install/trailblazer/share/trailblazer/launch/pine_tree_detection.launch.py
-- Symlinking: /home/mpatching/trailblazer/install/trailblazer/share/trailblazer/models/boulder/boulder.sdf
-- Symlinking: /home/mpatching/trailblazer/install/trailblazer/share/trailblazer/models/boulder/model.config
-- Symlinking: /home/mpatching/trailblazer/install/trailblazer/share/trailblazer/models/forest_plane/materials/textures/empty_grass.png
-- Symlinking: /home/mpatching/trailblazer/install/trailblazer/share/trailblazer/models/forest_plane/materials/textures/forest_overhead.png
-- Symlinking: /home/mpatching/trailblazer/install/trailblazer/share/trailblazer/models/forest_plane/materials/textures/leaf_litter.png
-- Symlinking: /home/mpatching/trailblazer/install/trailblazer/share/trailblazer/models/forest_plane/model.config
-- Symlinking: /home/mpatching/trailblazer/install/trailblazer/share/trailblazer/models/forest_plane/model.sdf
-- Symlinking: /home/mpatching/trailblazer/install/trailblazer/share/trailblazer/models/forest_wall/materials/textures/forest_wall.png
-- Symlinking: /home/mpatching/trailblazer/install/trailblazer/share/trailblazer/models/forest_wall/materials/textures/forest_wall_transparent.png
-- Symlinking: /home/mpatching/trailblazer/install/trailblazer/share/trailblazer/models/forest_wall/materials/textures/forest_wall_transparent_small.png
-- Symlinking: /home/mpatching/trailblazer/install/trailblazer/share/trailblazer/models/forest_wall/model.config
-- Symlinking: /home/mpatching/trailblazer/install/trailblazer/share/trailblazer/models/forest_wall/model.sdf
-- Symlinking: /home/mpatching/trailblazer/install/trailblazer/share/trailblazer/models/grass_plane/materials/textures/empty_grass.png
-- Symlinking: /home/mpatching/trailblazer/install/trailblazer/share/trailblazer/models/grass_plane/model.config
-- Symlinking: /home/mpatching/trailblazer/install/trailblazer/share/trailblazer/models/grass_plane/model.sdf
-- Symlinking: /home/mpatching/trailblazer/install/trailblazer/share/trailblazer/worlds/large_demo.sdf
-- Symlinking: /home/mpatching/trailblazer/install/trailblazer/share/trailblazer/worlds/simple_trees.sdf
-- Symlinking: /home/mpatching/trailblazer/install/trailblazer/share/trailblazer/urdf_drone/common_properties.urdf.xacro
-- Symlinking: /home/mpatching/trailblazer/install/trailblazer/share/trailblazer/urdf_drone/hokuyo.urdf.xacro
-- Symlinking: /home/mpatching/trailblazer/install/trailblazer/share/trailblazer/urdf_drone/meshes/hull.dae
-- Symlinking: /home/mpatching/trailblazer/install/trailblazer/share/trailblazer/urdf_drone/meshes/propeller_fl.dae
-- Symlinking: /home/mpatching/trailblazer/install/trailblazer/share/trailblazer/urdf_drone/meshes/propeller_fr.dae
-- Symlinking: /home/mpatching/trailblazer/install/trailblazer/share/trailblazer/urdf_drone/meshes/propeller_rl.dae
-- Symlinking: /home/mpatching/trailblazer/install/trailblazer/share/trailblazer/urdf_drone/meshes/propeller_rr.dae
-- Symlinking: /home/mpatching/trailblazer/install/trailblazer/share/trailblazer/urdf_drone/model.config
-- Symlinking: /home/mpatching/trailblazer/install/trailblazer/share/trailblazer/urdf_drone/model.sdf
-- Symlinking: /home/mpatching/trailblazer/install/trailblazer/share/trailblazer/urdf_drone/parrot.gazebo.xacro
-- Symlinking: /home/mpatching/trailblazer/install/trailblazer/share/trailblazer/urdf_drone/parrot.urdf.xacro
-- Symlinking: /home/mpatching/trailblazer/install/trailblazer/share/trailblazer/urdf_drone/thumbnails/1.png
-- Symlinking: /home/mpatching/trailblazer/install/trailblazer/share/trailblazer/urdf_drone/thumbnails/2.png
-- Symlinking: /home/mpatching/trailblazer/install/trailblazer/share/trailblazer/urdf_drone/thumbnails/3.png
-- Symlinking: /home/mpatching/trailblazer/install/trailblazer/share/trailblazer/urdf_drone/thumbnails/4.png
-- Symlinking: /home/mpatching/trailblazer/install/trailblazer/share/trailblazer/urdf_drone/thumbnails/5.png
-- Symlinking: /home/mpatching/trailblazer/install/trailblazer/share/trailblazer/urdf_drone/thumbnails/hull.dae
-- Symlinking: /home/mpatching/trailblazer/install/trailblazer/lib/trailblazer/gui_node.py
-- Symlinking: /home/mpatching/trailblazer/install/trailblazer/lib/trailblazer/flight_control.py
-- Symlinking: /home/mpatching/trailblazer/install/trailblazer/lib/trailblazer/pose_relay.py
-- Symlinking: /home/mpatching/trailblazer/install/trailblazer/share/ament_index/resource_index/package_run_dependencies/trailblazer
-- Symlinking: /home/mpatching/trailblazer/install/trailblazer/share/ament_index/resource_index/parent_prefix_path/trailblazer
-- Symlinking: /home/mpatching/trailblazer/install/trailblazer/share/trailblazer/environment/ament_prefix_path.sh
-- Symlinking: /home/mpatching/trailblazer/install/trailblazer/share/trailblazer/environment/ament_prefix_path.dsv
-- Symlinking: /home/mpatching/trailblazer/install/trailblazer/share/trailblazer/environment/path.sh
-- Symlinking: /home/mpatching/trailblazer/install/trailblazer/share/trailblazer/environment/path.dsv
-- Symlinking: /home/mpatching/trailblazer/install/trailblazer/share/trailblazer/local_setup.bash
-- Symlinking: /home/mpatching/trailblazer/install/trailblazer/share/trailblazer/local_setup.sh
-- Symlinking: /home/mpatching/trailblazer/install/trailblazer/share/trailblazer/local_setup.zsh
-- Symlinking: /home/mpatching/trailblazer/install/trailblazer/share/trailblazer/local_setup.dsv
-- Symlinking: /home/mpatching/trailblazer/install/trailblazer/share/trailblazer/package.dsv
-- Symlinking: /home/mpatching/trailblazer/install/trailblazer/share/ament_index/resource_index/packages/trailblazer
-- Symlinking: /home/mpatching/trailblazer/install/trailblazer/share/trailblazer/cmake/trailblazerConfig.cmake
-- Symlinking: /home/mpatching/trailblazer/install/trailblazer/share/trailblazer/cmake/trailblazerConfig-version.cmake
-- Symlinking: /home/mpatching/trailblazer/install/trailblazer/share/trailblazer/package.xml
