[0.043s] Invoking command in '/home/mpatching/41068_ws/build/trailblazer': CMAKE_PREFIX_PATH=${CMAKE_PREFIX_PATH}:/mnt/c/Users/micah/Documents/SCMS_turtlebot/install/depth_follower:/opt/ros/humble /usr/bin/cmake /home/mpatching/41068_ws/src/trailblazer -DCMAKE_INSTALL_PREFIX=/home/mpatching/41068_ws/install/trailblazer
[0.060s] -- Found ament_cmake: 1.3.12 (/opt/ros/humble/share/ament_cmake/cmake)
[0.574s] -- Override CMake install command with custom implementation using symlinks instead of copying resources
[0.579s] -- Found ros_ign_interfaces: 0.244.20 (/opt/ros/humble/share/ros_ign_interfaces/cmake)
[0.673s] -- Found rosidl_generator_c: 3.1.7 (/opt/ros/humble/share/rosidl_generator_c/cmake)
[0.674s] -- Found rosidl_adapter: 3.1.7 (/opt/ros/humble/share/rosidl_adapter/cmake)
[0.677s] -- Found rosidl_generator_cpp: 3.1.7 (/opt/ros/humble/share/rosidl_generator_cpp/cmake)
[0.685s] -- Using all available rosidl_typesupport_c: rosidl_typesupport_fastrtps_c;rosidl_typesupport_introspection_c
[0.695s] -- Using all available rosidl_typesupport_cpp: rosidl_typesupport_fastrtps_cpp;rosidl_typesupport_introspection_cpp
[0.987s] -- Configuring done
[0.989s] -- Generating done
[0.990s] -- Build files have been written to: /home/mpatching/41068_ws/build/trailblazer
[0.995s] Invoked command in '/home/mpatching/41068_ws/build/trailblazer' returned '0': CMAKE_PREFIX_PATH=${CMAKE_PREFIX_PATH}:/mnt/c/Users/micah/Documents/SCMS_turtlebot/install/depth_follower:/opt/ros/humble /usr/bin/cmake /home/mpatching/41068_ws/src/trailblazer -DCMAKE_INSTALL_PREFIX=/home/mpatching/41068_ws/install/trailblazer
[0.996s] Invoking command in '/home/mpatching/41068_ws/build/trailblazer': CMAKE_PREFIX_PATH=${CMAKE_PREFIX_PATH}:/mnt/c/Users/micah/Documents/SCMS_turtlebot/install/depth_follower:/opt/ros/humble /usr/bin/cmake --build /home/mpatching/41068_ws/build/trailblazer -- -j22 -l22
[1.023s] Invoked command in '/home/mpatching/41068_ws/build/trailblazer' returned '0': CMAKE_PREFIX_PATH=${CMAKE_PREFIX_PATH}:/mnt/c/Users/micah/Documents/SCMS_turtlebot/install/depth_follower:/opt/ros/humble /usr/bin/cmake --build /home/mpatching/41068_ws/build/trailblazer -- -j22 -l22
[1.032s] Invoking command in '/home/mpatching/41068_ws/build/trailblazer': CMAKE_PREFIX_PATH=${CMAKE_PREFIX_PATH}:/mnt/c/Users/micah/Documents/SCMS_turtlebot/install/depth_follower:/opt/ros/humble /usr/bin/cmake --install /home/mpatching/41068_ws/build/trailblazer
[1.037s] -- Install configuration: ""
[1.037s] -- Execute custom install script
[1.038s] -- Up-to-date symlink: /home/mpatching/41068_ws/install/trailblazer/share/trailblazer/config/41068.rviz
[1.038s] -- Up-to-date symlink: /home/mpatching/41068_ws/install/trailblazer/share/trailblazer/config/gazebo_bridge.yaml
[1.038s] -- Symlinking: /home/mpatching/41068_ws/install/trailblazer/share/trailblazer/config/nav2_minimal.yaml
[1.047s] -- Up-to-date symlink: /home/mpatching/41068_ws/install/trailblazer/share/trailblazer/config/nav2_params.yaml
[1.047s] -- Up-to-date symlink: /home/mpatching/41068_ws/install/trailblazer/share/trailblazer/config/robot_localization.yaml
[1.048s] -- Up-to-date symlink: /home/mpatching/41068_ws/install/trailblazer/share/trailblazer/config/slam_params.yaml
[1.048s] -- Up-to-date symlink: /home/mpatching/41068_ws/install/trailblazer/share/trailblazer/launch/41068_ignition.launch.py
[1.048s] -- Up-to-date symlink: /home/mpatching/41068_ws/install/trailblazer/share/trailblazer/launch/mission.launch.py
[1.048s] -- Up-to-date symlink: /home/mpatching/41068_ws/install/trailblazer/share/trailblazer/launch/navigation.launch.py
[1.048s] -- Up-to-date symlink: /home/mpatching/41068_ws/install/trailblazer/share/trailblazer/launch/pine_tree_detection.launch.py
[1.049s] -- Up-to-date symlink: /home/mpatching/41068_ws/install/trailblazer/share/trailblazer/models/boulder/boulder.sdf
[1.049s] -- Up-to-date symlink: /home/mpatching/41068_ws/install/trailblazer/share/trailblazer/models/boulder/model.config
[1.049s] -- Up-to-date symlink: /home/mpatching/41068_ws/install/trailblazer/share/trailblazer/models/forest_plane/materials/textures/empty_grass.png
[1.049s] -- Up-to-date symlink: /home/mpatching/41068_ws/install/trailblazer/share/trailblazer/models/forest_plane/materials/textures/forest_overhead.png
[1.049s] -- Up-to-date symlink: /home/mpatching/41068_ws/install/trailblazer/share/trailblazer/models/forest_plane/materials/textures/leaf_litter.png
[1.049s] -- Up-to-date symlink: /home/mpatching/41068_ws/install/trailblazer/share/trailblazer/models/forest_plane/model.config
[1.050s] -- Up-to-date symlink: /home/mpatching/41068_ws/install/trailblazer/share/trailblazer/models/forest_plane/model.sdf
[1.050s] -- Up-to-date symlink: /home/mpatching/41068_ws/install/trailblazer/share/trailblazer/models/forest_wall/materials/textures/forest_wall.png
[1.050s] -- Up-to-date symlink: /home/mpatching/41068_ws/install/trailblazer/share/trailblazer/models/forest_wall/materials/textures/forest_wall_transparent.png
[1.050s] -- Up-to-date symlink: /home/mpatching/41068_ws/install/trailblazer/share/trailblazer/models/forest_wall/materials/textures/forest_wall_transparent_small.png
[1.051s] -- Up-to-date symlink: /home/mpatching/41068_ws/install/trailblazer/share/trailblazer/models/forest_wall/model.config
[1.051s] -- Up-to-date symlink: /home/mpatching/41068_ws/install/trailblazer/share/trailblazer/models/forest_wall/model.sdf
[1.051s] -- Up-to-date symlink: /home/mpatching/41068_ws/install/trailblazer/share/trailblazer/models/grass_plane/materials/textures/empty_grass.png
[1.051s] -- Up-to-date symlink: /home/mpatching/41068_ws/install/trailblazer/share/trailblazer/models/grass_plane/model.config
[1.051s] -- Up-to-date symlink: /home/mpatching/41068_ws/install/trailblazer/share/trailblazer/models/grass_plane/model.sdf
[1.051s] -- Up-to-date symlink: /home/mpatching/41068_ws/install/trailblazer/share/trailblazer/worlds/large_demo.sdf
[1.051s] -- Up-to-date symlink: /home/mpatching/41068_ws/install/trailblazer/share/trailblazer/worlds/simple_trees.sdf
[1.051s] -- Up-to-date symlink: /home/mpatching/41068_ws/install/trailblazer/share/trailblazer/urdf_drone/common_properties.urdf.xacro
[1.052s] -- Up-to-date symlink: /home/mpatching/41068_ws/install/trailblazer/share/trailblazer/urdf_drone/hokuyo.urdf.xacro
[1.052s] -- Up-to-date symlink: /home/mpatching/41068_ws/install/trailblazer/share/trailblazer/urdf_drone/meshes/hull.dae
[1.052s] -- Up-to-date symlink: /home/mpatching/41068_ws/install/trailblazer/share/trailblazer/urdf_drone/meshes/propeller_fl.dae
[1.052s] -- Up-to-date symlink: /home/mpatching/41068_ws/install/trailblazer/share/trailblazer/urdf_drone/meshes/propeller_fr.dae
[1.052s] -- Up-to-date symlink: /home/mpatching/41068_ws/install/trailblazer/share/trailblazer/urdf_drone/meshes/propeller_rl.dae
[1.052s] -- Up-to-date symlink: /home/mpatching/41068_ws/install/trailblazer/share/trailblazer/urdf_drone/meshes/propeller_rr.dae
[1.052s] -- Up-to-date symlink: /home/mpatching/41068_ws/install/trailblazer/share/trailblazer/urdf_drone/model.config
[1.052s] -- Up-to-date symlink: /home/mpatching/41068_ws/install/trailblazer/share/trailblazer/urdf_drone/model.sdf
[1.052s] -- Up-to-date symlink: /home/mpatching/41068_ws/install/trailblazer/share/trailblazer/urdf_drone/parrot.gazebo.xacro
[1.052s] -- Up-to-date symlink: /home/mpatching/41068_ws/install/trailblazer/share/trailblazer/urdf_drone/parrot.urdf.xacro
[1.052s] -- Up-to-date symlink: /home/mpatching/41068_ws/install/trailblazer/share/trailblazer/urdf_drone/thumbnails/1.png
[1.052s] -- Up-to-date symlink: /home/mpatching/41068_ws/install/trailblazer/share/trailblazer/urdf_drone/thumbnails/2.png
[1.052s] -- Up-to-date symlink: /home/mpatching/41068_ws/install/trailblazer/share/trailblazer/urdf_drone/thumbnails/3.png
[1.052s] -- Up-to-date symlink: /home/mpatching/41068_ws/install/trailblazer/share/trailblazer/urdf_drone/thumbnails/4.png
[1.052s] -- Up-to-date symlink: /home/mpatching/41068_ws/install/trailblazer/share/trailblazer/urdf_drone/thumbnails/5.png
[1.052s] -- Up-to-date symlink: /home/mpatching/41068_ws/install/trailblazer/share/trailblazer/urdf_drone/thumbnails/hull.dae
[1.052s] -- Up-to-date symlink: /home/mpatching/41068_ws/install/trailblazer/lib/trailblazer/lidar_perception_360.py
[1.052s] -- Up-to-date symlink: /home/mpatching/41068_ws/install/trailblazer/lib/trailblazer/pose_relay.py
[1.052s] -- Up-to-date symlink: /home/mpatching/41068_ws/install/trailblazer/lib/trailblazer/climb_controller.py
[1.052s] -- Up-to-date symlink: /home/mpatching/41068_ws/install/trailblazer/lib/trailblazer/forward_10m_cli.py
[1.052s] -- Up-to-date symlink: /home/mpatching/41068_ws/install/trailblazer/share/ament_index/resource_index/package_run_dependencies/trailblazer
[1.052s] -- Up-to-date symlink: /home/mpatching/41068_ws/install/trailblazer/share/ament_index/resource_index/parent_prefix_path/trailblazer
[1.052s] -- Up-to-date symlink: /home/mpatching/41068_ws/install/trailblazer/share/trailblazer/environment/ament_prefix_path.sh
[1.052s] -- Up-to-date symlink: /home/mpatching/41068_ws/install/trailblazer/share/trailblazer/environment/ament_prefix_path.dsv
[1.052s] -- Up-to-date symlink: /home/mpatching/41068_ws/install/trailblazer/share/trailblazer/environment/path.sh
[1.052s] -- Up-to-date symlink: /home/mpatching/41068_ws/install/trailblazer/share/trailblazer/environment/path.dsv
[1.052s] -- Up-to-date symlink: /home/mpatching/41068_ws/install/trailblazer/share/trailblazer/local_setup.bash
[1.052s] -- Up-to-date symlink: /home/mpatching/41068_ws/install/trailblazer/share/trailblazer/local_setup.sh
[1.052s] -- Up-to-date symlink: /home/mpatching/41068_ws/install/trailblazer/share/trailblazer/local_setup.zsh
[1.052s] -- Up-to-date symlink: /home/mpatching/41068_ws/install/trailblazer/share/trailblazer/local_setup.dsv
[1.052s] -- Symlinking: /home/mpatching/41068_ws/install/trailblazer/share/trailblazer/package.dsv
[1.062s] -- Up-to-date symlink: /home/mpatching/41068_ws/install/trailblazer/share/ament_index/resource_index/packages/trailblazer
[1.062s] -- Up-to-date symlink: /home/mpatching/41068_ws/install/trailblazer/share/trailblazer/cmake/trailblazerConfig.cmake
[1.062s] -- Up-to-date symlink: /home/mpatching/41068_ws/install/trailblazer/share/trailblazer/cmake/trailblazerConfig-version.cmake
[1.062s] -- Up-to-date symlink: /home/mpatching/41068_ws/install/trailblazer/share/trailblazer/package.xml
[1.063s] Invoked command in '/home/mpatching/41068_ws/build/trailblazer' returned '0': CMAKE_PREFIX_PATH=${CMAKE_PREFIX_PATH}:/mnt/c/Users/micah/Documents/SCMS_turtlebot/install/depth_follower:/opt/ros/humble /usr/bin/cmake --install /home/mpatching/41068_ws/build/trailblazer
