[0.102s] DEBUG:colcon:Command line arguments: ['/usr/bin/colcon', 'build', '--symlink-install']
[0.102s] DEBUG:colcon:Parsed command line arguments: Namespace(log_base=None, log_level=None, verb_name='build', build_base='build', install_base='install', merge_install=False, symlink_install=True, test_result_base=None, continue_on_error=False, executor='parallel', parallel_workers=22, event_handlers=None, ignore_user_meta=False, metas=['./colcon.meta'], base_paths=['.'], packages_ignore=None, packages_ignore_regex=None, paths=None, packages_up_to=None, packages_up_to_regex=None, packages_above=None, packages_above_and_dependencies=None, packages_above_depth=None, packages_select_by_dep=None, packages_skip_by_dep=None, packages_skip_up_to=None, packages_select_build_failed=False, packages_skip_build_finished=False, packages_select_test_failures=False, packages_skip_test_passed=False, packages_select=None, packages_skip=None, packages_select_regex=None, packages_skip_regex=None, packages_start=None, packages_end=None, allow_overriding=[], cmake_args=None, cmake_target=None, cmake_target_skip_unavailable=False, cmake_clean_cache=False, cmake_clean_first=False, cmake_force_configure=False, ament_cmake_args=None, catkin_cmake_args=None, catkin_skip_building_tests=False, mixin_files=None, mixin=None, verb_parser=<colcon_mixin.mixin.mixin_argument.MixinArgumentDecorator object at 0x772de62562f0>, verb_extension=<colcon_core.verb.build.BuildVerb object at 0x772de63d3940>, main=<bound method BuildVerb.main of <colcon_core.verb.build.BuildVerb object at 0x772de63d3940>>, mixin_verb=('build',))
[0.195s] Level 1:colcon.colcon_core.package_discovery:discover_packages(colcon_meta) check parameters
[0.195s] Level 1:colcon.colcon_core.package_discovery:discover_packages(recursive) check parameters
[0.195s] Level 1:colcon.colcon_core.package_discovery:discover_packages(ignore) check parameters
[0.195s] Level 1:colcon.colcon_core.package_discovery:discover_packages(path) check parameters
[0.195s] Level 1:colcon.colcon_core.package_discovery:discover_packages(colcon_meta) discover
[0.195s] Level 1:colcon.colcon_core.package_discovery:discover_packages(recursive) discover
[0.195s] INFO:colcon.colcon_core.package_discovery:Crawling recursively for packages in '/home/mpatching/trailblazer'
[0.195s] Level 1:colcon.colcon_core.package_identification:_identify(.) by extensions ['ignore', 'ignore_ament_install']
[0.195s] Level 1:colcon.colcon_core.package_identification:_identify(.) by extension 'ignore'
[0.195s] Level 1:colcon.colcon_core.package_identification:_identify(.) by extension 'ignore_ament_install'
[0.196s] Level 1:colcon.colcon_core.package_identification:_identify(.) by extensions ['colcon_pkg']
[0.196s] Level 1:colcon.colcon_core.package_identification:_identify(.) by extension 'colcon_pkg'
[0.196s] Level 1:colcon.colcon_core.package_identification:_identify(.) by extensions ['colcon_meta']
[0.196s] Level 1:colcon.colcon_core.package_identification:_identify(.) by extension 'colcon_meta'
[0.196s] Level 1:colcon.colcon_core.package_identification:_identify(.) by extensions ['ros']
[0.196s] Level 1:colcon.colcon_core.package_identification:_identify(.) by extension 'ros'
[0.204s] DEBUG:colcon.colcon_core.package_identification:Package '.' with type 'ros.ament_cmake' and name 'trailblazer'
[0.204s] Level 1:colcon.colcon_core.package_discovery:discover_packages(recursive) using defaults
[0.204s] Level 1:colcon.colcon_core.package_discovery:discover_packages(ignore) discover
[0.204s] Level 1:colcon.colcon_core.package_discovery:discover_packages(ignore) using defaults
[0.204s] Level 1:colcon.colcon_core.package_discovery:discover_packages(path) discover
[0.204s] Level 1:colcon.colcon_core.package_discovery:discover_packages(path) using defaults
[0.222s] Level 1:colcon.colcon_core.package_discovery:discover_packages(prefix_path) check parameters
[0.222s] Level 1:colcon.colcon_core.package_discovery:discover_packages(prefix_path) discover
[0.223s] DEBUG:colcon.colcon_installed_package_information.package_discovery:Found 1 installed packages in /home/mpatching/trailblazer/install
[0.223s] DEBUG:colcon.colcon_installed_package_information.package_discovery:Found 0 installed packages in /home/mpatching/ros2_ws/install
[0.224s] DEBUG:colcon.colcon_installed_package_information.package_discovery:Found 421 installed packages in /opt/ros/humble
[0.225s] Level 1:colcon.colcon_core.package_discovery:discover_packages(prefix_path) using defaults
[0.254s] Level 5:colcon.colcon_core.verb:set package 'trailblazer' build argument 'cmake_args' from command line to 'None'
[0.254s] Level 5:colcon.colcon_core.verb:set package 'trailblazer' build argument 'cmake_target' from command line to 'None'
[0.254s] Level 5:colcon.colcon_core.verb:set package 'trailblazer' build argument 'cmake_target_skip_unavailable' from command line to 'False'
[0.254s] Level 5:colcon.colcon_core.verb:set package 'trailblazer' build argument 'cmake_clean_cache' from command line to 'False'
[0.254s] Level 5:colcon.colcon_core.verb:set package 'trailblazer' build argument 'cmake_clean_first' from command line to 'False'
[0.254s] Level 5:colcon.colcon_core.verb:set package 'trailblazer' build argument 'cmake_force_configure' from command line to 'False'
[0.254s] Level 5:colcon.colcon_core.verb:set package 'trailblazer' build argument 'ament_cmake_args' from command line to 'None'
[0.254s] Level 5:colcon.colcon_core.verb:set package 'trailblazer' build argument 'catkin_cmake_args' from command line to 'None'
[0.254s] Level 5:colcon.colcon_core.verb:set package 'trailblazer' build argument 'catkin_skip_building_tests' from command line to 'False'
[0.254s] DEBUG:colcon.colcon_core.verb:Building package 'trailblazer' with the following arguments: {'ament_cmake_args': None, 'build_base': '/home/mpatching/trailblazer/build/trailblazer', 'catkin_cmake_args': None, 'catkin_skip_building_tests': False, 'cmake_args': None, 'cmake_clean_cache': False, 'cmake_clean_first': False, 'cmake_force_configure': False, 'cmake_target': None, 'cmake_target_skip_unavailable': False, 'install_base': '/home/mpatching/trailblazer/install/trailblazer', 'merge_install': False, 'path': '/home/mpatching/trailblazer', 'symlink_install': True, 'test_result_base': None}
[0.254s] INFO:colcon.colcon_core.executor:Executing jobs using 'parallel' executor
[0.255s] DEBUG:colcon.colcon_parallel_executor.executor.parallel:run_until_complete
[0.255s] INFO:colcon.colcon_ros.task.ament_cmake.build:Building ROS package in '/home/mpatching/trailblazer' with build type 'ament_cmake'
[0.255s] INFO:colcon.colcon_cmake.task.cmake.build:Building CMake package in '/home/mpatching/trailblazer'
[0.257s] INFO:colcon.colcon_core.plugin_system:Skipping extension 'colcon_core.shell.bat': Not used on non-Windows systems
[0.257s] INFO:colcon.colcon_core.shell:Skip shell extension 'powershell' for command environment: Not usable outside of PowerShell
[0.257s] DEBUG:colcon.colcon_core.shell:Skip shell extension 'dsv' for command environment
[0.263s] DEBUG:colcon.colcon_core.event_handler.log_command:Invoking command in '/home/mpatching/trailblazer/build/trailblazer': CMAKE_PREFIX_PATH=${CMAKE_PREFIX_PATH}:/opt/ros/humble /usr/bin/cmake --build /home/mpatching/trailblazer/build/trailblazer -- -j22 -l22
[0.285s] DEBUG:colcon.colcon_core.event_handler.log_command:Invoked command in '/home/mpatching/trailblazer/build/trailblazer' returned '0': CMAKE_PREFIX_PATH=${CMAKE_PREFIX_PATH}:/opt/ros/humble /usr/bin/cmake --build /home/mpatching/trailblazer/build/trailblazer -- -j22 -l22
[0.291s] DEBUG:colcon.colcon_core.event_handler.log_command:Invoking command in '/home/mpatching/trailblazer/build/trailblazer': CMAKE_PREFIX_PATH=${CMAKE_PREFIX_PATH}:/opt/ros/humble /usr/bin/cmake --install /home/mpatching/trailblazer/build/trailblazer
[0.308s] Level 1:colcon.colcon_core.environment:create_environment_scripts_only(trailblazer)
[0.308s] DEBUG:colcon.colcon_core.event_handler.log_command:Invoked command in '/home/mpatching/trailblazer/build/trailblazer' returned '0': CMAKE_PREFIX_PATH=${CMAKE_PREFIX_PATH}:/opt/ros/humble /usr/bin/cmake --install /home/mpatching/trailblazer/build/trailblazer
[0.309s] Level 1:colcon.colcon_core.environment:checking '/home/mpatching/trailblazer/install/trailblazer' for CMake module files
[0.310s] Level 1:colcon.colcon_core.environment:checking '/home/mpatching/trailblazer/install/trailblazer' for CMake config files
[0.310s] Level 1:colcon.colcon_core.shell:create_environment_hook('trailblazer', 'cmake_prefix_path')
[0.310s] INFO:colcon.colcon_core.shell:Creating environment hook '/home/mpatching/trailblazer/install/trailblazer/share/trailblazer/hook/cmake_prefix_path.ps1'
[0.311s] INFO:colcon.colcon_core.shell:Creating environment descriptor '/home/mpatching/trailblazer/install/trailblazer/share/trailblazer/hook/cmake_prefix_path.dsv'
[0.311s] INFO:colcon.colcon_core.shell:Creating environment hook '/home/mpatching/trailblazer/install/trailblazer/share/trailblazer/hook/cmake_prefix_path.sh'
[0.311s] Level 1:colcon.colcon_core.environment:checking '/home/mpatching/trailblazer/install/trailblazer/lib'
[0.312s] Level 1:colcon.colcon_core.environment:checking '/home/mpatching/trailblazer/install/trailblazer/bin'
[0.312s] Level 1:colcon.colcon_core.environment:checking '/home/mpatching/trailblazer/install/trailblazer/lib/pkgconfig/trailblazer.pc'
[0.312s] Level 1:colcon.colcon_core.environment:checking '/home/mpatching/trailblazer/install/trailblazer/lib/python3.10/site-packages'
[0.312s] Level 1:colcon.colcon_core.environment:checking '/home/mpatching/trailblazer/install/trailblazer/bin'
[0.312s] INFO:colcon.colcon_core.shell:Creating package script '/home/mpatching/trailblazer/install/trailblazer/share/trailblazer/package.ps1'
[0.313s] INFO:colcon.colcon_core.shell:Creating package descriptor '/home/mpatching/trailblazer/install/trailblazer/share/trailblazer/package.dsv'
[0.313s] INFO:colcon.colcon_core.shell:Creating package script '/home/mpatching/trailblazer/install/trailblazer/share/trailblazer/package.sh'
[0.313s] INFO:colcon.colcon_core.shell:Creating package script '/home/mpatching/trailblazer/install/trailblazer/share/trailblazer/package.bash'
[0.314s] INFO:colcon.colcon_core.shell:Creating package script '/home/mpatching/trailblazer/install/trailblazer/share/trailblazer/package.zsh'
[0.314s] Level 1:colcon.colcon_core.environment:create_file_with_runtime_dependencies(/home/mpatching/trailblazer/install/trailblazer/share/colcon-core/packages/trailblazer)
[0.314s] Level 1:colcon.colcon_core.environment:create_environment_scripts_only(trailblazer)
[0.314s] Level 1:colcon.colcon_core.environment:checking '/home/mpatching/trailblazer/install/trailblazer' for CMake module files
[0.315s] Level 1:colcon.colcon_core.environment:checking '/home/mpatching/trailblazer/install/trailblazer' for CMake config files
[0.315s] Level 1:colcon.colcon_core.shell:create_environment_hook('trailblazer', 'cmake_prefix_path')
[0.315s] INFO:colcon.colcon_core.shell:Creating environment hook '/home/mpatching/trailblazer/install/trailblazer/share/trailblazer/hook/cmake_prefix_path.ps1'
[0.315s] INFO:colcon.colcon_core.shell:Creating environment descriptor '/home/mpatching/trailblazer/install/trailblazer/share/trailblazer/hook/cmake_prefix_path.dsv'
[0.315s] INFO:colcon.colcon_core.shell:Creating environment hook '/home/mpatching/trailblazer/install/trailblazer/share/trailblazer/hook/cmake_prefix_path.sh'
[0.316s] Level 1:colcon.colcon_core.environment:checking '/home/mpatching/trailblazer/install/trailblazer/lib'
[0.316s] Level 1:colcon.colcon_core.environment:checking '/home/mpatching/trailblazer/install/trailblazer/bin'
[0.316s] Level 1:colcon.colcon_core.environment:checking '/home/mpatching/trailblazer/install/trailblazer/lib/pkgconfig/trailblazer.pc'
[0.316s] Level 1:colcon.colcon_core.environment:checking '/home/mpatching/trailblazer/install/trailblazer/lib/python3.10/site-packages'
[0.316s] Level 1:colcon.colcon_core.environment:checking '/home/mpatching/trailblazer/install/trailblazer/bin'
[0.316s] INFO:colcon.colcon_core.shell:Creating package script '/home/mpatching/trailblazer/install/trailblazer/share/trailblazer/package.ps1'
[0.317s] INFO:colcon.colcon_core.shell:Creating package descriptor '/home/mpatching/trailblazer/install/trailblazer/share/trailblazer/package.dsv'
[0.317s] INFO:colcon.colcon_core.shell:Creating package script '/home/mpatching/trailblazer/install/trailblazer/share/trailblazer/package.sh'
[0.317s] INFO:colcon.colcon_core.shell:Creating package script '/home/mpatching/trailblazer/install/trailblazer/share/trailblazer/package.bash'
[0.317s] INFO:colcon.colcon_core.shell:Creating package script '/home/mpatching/trailblazer/install/trailblazer/share/trailblazer/package.zsh'
[0.318s] Level 1:colcon.colcon_core.environment:create_file_with_runtime_dependencies(/home/mpatching/trailblazer/install/trailblazer/share/colcon-core/packages/trailblazer)
[0.318s] DEBUG:colcon.colcon_parallel_executor.executor.parallel:closing loop
[0.318s] DEBUG:colcon.colcon_parallel_executor.executor.parallel:loop closed
[0.318s] DEBUG:colcon.colcon_parallel_executor.executor.parallel:run_until_complete finished with '0'
[0.318s] DEBUG:colcon.colcon_core.event_reactor:joining thread
[0.341s] INFO:colcon.colcon_core.plugin_system:Skipping extension 'colcon_notification.desktop_notification.notify_send': Could not find 'notify-send'
[0.342s] INFO:colcon.colcon_core.plugin_system:Skipping extension 'colcon_notification.desktop_notification.terminal_notifier': Not used on non-Darwin systems
[0.342s] INFO:colcon.colcon_core.plugin_system:Skipping extension 'colcon_notification.desktop_notification.win32': Not used on non-Windows systems
[0.342s] INFO:colcon.colcon_notification.desktop_notification:Sending desktop notification using 'notify2'
[0.343s] DEBUG:colcon.colcon_notification.desktop_notification.notify2:Failed to initialize notify2: org.freedesktop.DBus.Error.ServiceUnknown: The name org.freedesktop.Notifications was not provided by any .service files
[0.343s] DEBUG:colcon.colcon_core.event_reactor:joined thread
[0.343s] INFO:colcon.colcon_core.shell:Creating prefix script '/home/mpatching/trailblazer/install/local_setup.ps1'
[0.344s] INFO:colcon.colcon_core.shell:Creating prefix util module '/home/mpatching/trailblazer/install/_local_setup_util_ps1.py'
[0.345s] INFO:colcon.colcon_core.shell:Creating prefix chain script '/home/mpatching/trailblazer/install/setup.ps1'
[0.345s] INFO:colcon.colcon_core.shell:Creating prefix script '/home/mpatching/trailblazer/install/local_setup.sh'
[0.346s] INFO:colcon.colcon_core.shell:Creating prefix util module '/home/mpatching/trailblazer/install/_local_setup_util_sh.py'
[0.346s] INFO:colcon.colcon_core.shell:Creating prefix chain script '/home/mpatching/trailblazer/install/setup.sh'
[0.347s] INFO:colcon.colcon_core.shell:Creating prefix script '/home/mpatching/trailblazer/install/local_setup.bash'
[0.347s] INFO:colcon.colcon_core.shell:Creating prefix chain script '/home/mpatching/trailblazer/install/setup.bash'
[0.348s] INFO:colcon.colcon_core.shell:Creating prefix script '/home/mpatching/trailblazer/install/local_setup.zsh'
[0.348s] INFO:colcon.colcon_core.shell:Creating prefix chain script '/home/mpatching/trailblazer/install/setup.zsh'
