[0.012s] Invoking command in '/home/mpatching/41068_ws/build/41068_ignition_bringup': CMAKE_PREFIX_PATH=/opt/ros/humble /usr/bin/cmake /home/mpatching/41068_ws/src/41068_ignition_bringup -DAMENT_CMAKE_SYMLINK_INSTALL=1 -DCMAKE_INSTALL_PREFIX=/home/mpatching/41068_ws/install/41068_ignition_bringup
[0.029s] -- Found ament_cmake: 1.3.12 (/opt/ros/humble/share/ament_cmake/cmake)
[0.165s] -- Override CMake install command with custom implementation using symlinks instead of copying resources
[0.195s] -- Found ros_ign_interfaces: 0.244.20 (/opt/ros/humble/share/ros_ign_interfaces/cmake)
[0.750s] -- Found rosidl_generator_c: 3.1.7 (/opt/ros/humble/share/rosidl_generator_c/cmake)
[0.753s] -- Found rosidl_adapter: 3.1.7 (/opt/ros/humble/share/rosidl_adapter/cmake)
[0.760s] -- Found rosidl_generator_cpp: 3.1.7 (/opt/ros/humble/share/rosidl_generator_cpp/cmake)
[0.770s] -- Using all available rosidl_typesupport_c: rosidl_typesupport_fastrtps_c;rosidl_typesupport_introspection_c
[0.785s] -- Using all available rosidl_typesupport_cpp: rosidl_typesupport_fastrtps_cpp;rosidl_typesupport_introspection_cpp
[0.880s] -- Found ament_lint_auto: 0.12.14 (/opt/ros/humble/share/ament_lint_auto/cmake)
[0.947s] WARNING: Package name "41068_ignition_bringup" does not follow the naming conventions. It should start with a lower case letter and only contain lower case letters, digits, underscores, and dashes.
[0.966s] -- Added test 'copyright' to check source files copyright and LICENSE
[0.971s] -- Added test 'flake8' to check Python code syntax and style conventions
[0.972s] -- Added test 'lint_cmake' to check CMake code style
[0.972s] -- Added test 'pep257' to check Python code against some of the docstring style conventions in PEP 257
[0.974s] -- Added test 'xmllint' to check XML markup files
[0.976s] -- Configuring done
[0.980s] -- Generating done
[0.982s] -- Build files have been written to: /home/mpatching/41068_ws/build/41068_ignition_bringup
[0.991s] Invoked command in '/home/mpatching/41068_ws/build/41068_ignition_bringup' returned '0': CMAKE_PREFIX_PATH=/opt/ros/humble /usr/bin/cmake /home/mpatching/41068_ws/src/41068_ignition_bringup -DAMENT_CMAKE_SYMLINK_INSTALL=1 -DCMAKE_INSTALL_PREFIX=/home/mpatching/41068_ws/install/41068_ignition_bringup
[0.991s] Invoking command in '/home/mpatching/41068_ws/build/41068_ignition_bringup': CMAKE_PREFIX_PATH=/opt/ros/humble /usr/bin/cmake --build /home/mpatching/41068_ws/build/41068_ignition_bringup -- -j22 -l22
[1.031s] Invoked command in '/home/mpatching/41068_ws/build/41068_ignition_bringup' returned '0': CMAKE_PREFIX_PATH=/opt/ros/humble /usr/bin/cmake --build /home/mpatching/41068_ws/build/41068_ignition_bringup -- -j22 -l22
[1.042s] Invoking command in '/home/mpatching/41068_ws/build/41068_ignition_bringup': CMAKE_PREFIX_PATH=/opt/ros/humble /usr/bin/cmake --install /home/mpatching/41068_ws/build/41068_ignition_bringup
[1.050s] -- Install configuration: ""
[1.050s] -- Execute custom install script
[1.051s] -- Symlinking: /home/mpatching/41068_ws/install/41068_ignition_bringup/share/41068_ignition_bringup/config/41068.rviz
[1.064s] -- Symlinking: /home/mpatching/41068_ws/install/41068_ignition_bringup/share/41068_ignition_bringup/config/gazebo_bridge.yaml
[1.074s] -- Symlinking: /home/mpatching/41068_ws/install/41068_ignition_bringup/share/41068_ignition_bringup/config/nav2_params.yaml
[1.086s] -- Symlinking: /home/mpatching/41068_ws/install/41068_ignition_bringup/share/41068_ignition_bringup/config/robot_localization.yaml
[1.095s] -- Symlinking: /home/mpatching/41068_ws/install/41068_ignition_bringup/share/41068_ignition_bringup/config/slam_params.yaml
[1.104s] -- Symlinking: /home/mpatching/41068_ws/install/41068_ignition_bringup/share/41068_ignition_bringup/launch/41068_ignition.launch.py
[1.113s] -- Symlinking: /home/mpatching/41068_ws/install/41068_ignition_bringup/share/41068_ignition_bringup/launch/41068_navigation.launch.py
[1.124s] -- Symlinking: /home/mpatching/41068_ws/install/41068_ignition_bringup/share/41068_ignition_bringup/models/forest_plane/materials/textures/empty_grass.png
[1.135s] -- Symlinking: /home/mpatching/41068_ws/install/41068_ignition_bringup/share/41068_ignition_bringup/models/forest_plane/materials/textures/forest_overhead.png
[1.145s] -- Symlinking: /home/mpatching/41068_ws/install/41068_ignition_bringup/share/41068_ignition_bringup/models/forest_plane/materials/textures/leaf_litter.png
[1.155s] -- Symlinking: /home/mpatching/41068_ws/install/41068_ignition_bringup/share/41068_ignition_bringup/models/forest_plane/model.config
[1.164s] -- Symlinking: /home/mpatching/41068_ws/install/41068_ignition_bringup/share/41068_ignition_bringup/models/forest_plane/model.sdf
[1.173s] -- Symlinking: /home/mpatching/41068_ws/install/41068_ignition_bringup/share/41068_ignition_bringup/models/forest_wall/materials/textures/forest_wall.png
[1.185s] -- Symlinking: /home/mpatching/41068_ws/install/41068_ignition_bringup/share/41068_ignition_bringup/models/forest_wall/materials/textures/forest_wall_transparent.png
[1.195s] -- Symlinking: /home/mpatching/41068_ws/install/41068_ignition_bringup/share/41068_ignition_bringup/models/forest_wall/materials/textures/forest_wall_transparent_small.png
[1.204s] -- Symlinking: /home/mpatching/41068_ws/install/41068_ignition_bringup/share/41068_ignition_bringup/models/forest_wall/model.config
[1.213s] -- Symlinking: /home/mpatching/41068_ws/install/41068_ignition_bringup/share/41068_ignition_bringup/models/forest_wall/model.sdf
[1.223s] -- Symlinking: /home/mpatching/41068_ws/install/41068_ignition_bringup/share/41068_ignition_bringup/models/grass_plane/materials/textures/empty_grass.png
[1.233s] -- Symlinking: /home/mpatching/41068_ws/install/41068_ignition_bringup/share/41068_ignition_bringup/models/grass_plane/model.config
[1.242s] -- Symlinking: /home/mpatching/41068_ws/install/41068_ignition_bringup/share/41068_ignition_bringup/models/grass_plane/model.sdf
[1.252s] -- Symlinking: /home/mpatching/41068_ws/install/41068_ignition_bringup/share/41068_ignition_bringup/urdf/common_properties.urdf.xacro
[1.261s] -- Symlinking: /home/mpatching/41068_ws/install/41068_ignition_bringup/share/41068_ignition_bringup/urdf/husky.gazebo.xacro
[1.270s] -- Symlinking: /home/mpatching/41068_ws/install/41068_ignition_bringup/share/41068_ignition_bringup/urdf/husky.urdf.xacro
[1.281s] -- Symlinking: /home/mpatching/41068_ws/install/41068_ignition_bringup/share/41068_ignition_bringup/urdf/meshes/base_link.dae
[1.290s] -- Symlinking: /home/mpatching/41068_ws/install/41068_ignition_bringup/share/41068_ignition_bringup/urdf/meshes/bumper.dae
[1.299s] -- Symlinking: /home/mpatching/41068_ws/install/41068_ignition_bringup/share/41068_ignition_bringup/urdf/meshes/jpl04_arch_nosensor.stl
[1.308s] -- Symlinking: /home/mpatching/41068_ws/install/41068_ignition_bringup/share/41068_ignition_bringup/urdf/meshes/top_chassis.dae
[1.316s] -- Symlinking: /home/mpatching/41068_ws/install/41068_ignition_bringup/share/41068_ignition_bringup/urdf/meshes/top_plate.dae
[1.326s] -- Symlinking: /home/mpatching/41068_ws/install/41068_ignition_bringup/share/41068_ignition_bringup/urdf/meshes/wheel.dae
[1.337s] -- Symlinking: /home/mpatching/41068_ws/install/41068_ignition_bringup/share/41068_ignition_bringup/urdf/wheel.urdf.xacro
[1.346s] -- Symlinking: /home/mpatching/41068_ws/install/41068_ignition_bringup/share/41068_ignition_bringup/worlds/large_demo.sdf
[1.354s] -- Symlinking: /home/mpatching/41068_ws/install/41068_ignition_bringup/share/41068_ignition_bringup/worlds/simple_trees.sdf
[1.363s] -- Symlinking: /home/mpatching/41068_ws/install/41068_ignition_bringup/share/ament_index/resource_index/package_run_dependencies/41068_ignition_bringup
[1.373s] -- Symlinking: /home/mpatching/41068_ws/install/41068_ignition_bringup/share/ament_index/resource_index/parent_prefix_path/41068_ignition_bringup
[1.383s] -- Symlinking: /home/mpatching/41068_ws/install/41068_ignition_bringup/share/41068_ignition_bringup/environment/ament_prefix_path.sh
[1.392s] -- Symlinking: /home/mpatching/41068_ws/install/41068_ignition_bringup/share/41068_ignition_bringup/environment/ament_prefix_path.dsv
[1.401s] -- Symlinking: /home/mpatching/41068_ws/install/41068_ignition_bringup/share/41068_ignition_bringup/environment/path.sh
[1.410s] -- Symlinking: /home/mpatching/41068_ws/install/41068_ignition_bringup/share/41068_ignition_bringup/environment/path.dsv
[1.420s] -- Symlinking: /home/mpatching/41068_ws/install/41068_ignition_bringup/share/41068_ignition_bringup/local_setup.bash
[1.429s] -- Symlinking: /home/mpatching/41068_ws/install/41068_ignition_bringup/share/41068_ignition_bringup/local_setup.sh
[1.438s] -- Symlinking: /home/mpatching/41068_ws/install/41068_ignition_bringup/share/41068_ignition_bringup/local_setup.zsh
[1.449s] -- Symlinking: /home/mpatching/41068_ws/install/41068_ignition_bringup/share/41068_ignition_bringup/local_setup.dsv
[1.459s] -- Symlinking: /home/mpatching/41068_ws/install/41068_ignition_bringup/share/41068_ignition_bringup/package.dsv
[1.467s] -- Symlinking: /home/mpatching/41068_ws/install/41068_ignition_bringup/share/ament_index/resource_index/packages/41068_ignition_bringup
[1.477s] -- Symlinking: /home/mpatching/41068_ws/install/41068_ignition_bringup/share/41068_ignition_bringup/cmake/41068_ignition_bringupConfig.cmake
[1.488s] -- Symlinking: /home/mpatching/41068_ws/install/41068_ignition_bringup/share/41068_ignition_bringup/cmake/41068_ignition_bringupConfig-version.cmake
[1.499s] -- Symlinking: /home/mpatching/41068_ws/install/41068_ignition_bringup/share/41068_ignition_bringup/package.xml
[1.513s] Invoked command in '/home/mpatching/41068_ws/build/41068_ignition_bringup' returned '0': CMAKE_PREFIX_PATH=/opt/ros/humble /usr/bin/cmake --install /home/mpatching/41068_ws/build/41068_ignition_bringup
