[0.239s] DEBUG:colcon:Command line arguments: ['/usr/bin/colcon', 'build']
[0.239s] DEBUG:colcon:Parsed command line arguments: Namespace(log_base=None, log_level=None, verb_name='build', build_base='build', install_base='install', merge_install=False, symlink_install=False, test_result_base=None, continue_on_error=False, executor='parallel', parallel_workers=24, event_handlers=None, ignore_user_meta=False, metas=['./colcon.meta'], base_paths=['.'], packages_ignore=None, packages_ignore_regex=None, paths=None, packages_up_to=None, packages_up_to_regex=None, packages_above=None, packages_above_and_dependencies=None, packages_above_depth=None, packages_select_by_dep=None, packages_skip_by_dep=None, packages_skip_up_to=None, packages_select_build_failed=False, packages_skip_build_finished=False, packages_select_test_failures=False, packages_skip_test_passed=False, packages_select=None, packages_skip=None, packages_select_regex=None, packages_skip_regex=None, packages_start=None, packages_end=None, allow_overriding=[], cmake_args=None, cmake_target=None, cmake_target_skip_unavailable=False, cmake_clean_cache=False, cmake_clean_first=False, cmake_force_configure=False, ament_cmake_args=None, catkin_cmake_args=None, catkin_skip_building_tests=False, mixin_files=None, mixin=None, verb_parser=<colcon_mixin.mixin.mixin_argument.MixinArgumentDecorator object at 0x7c9f40265c00>, verb_extension=<colcon_core.verb.build.BuildVerb object at 0x7c9f402651b0>, main=<bound method BuildVerb.main of <colcon_core.verb.build.BuildVerb object at 0x7c9f402651b0>>, mixin_verb=('build',))
[0.555s] Level 1:colcon.colcon_core.package_discovery:discover_packages(colcon_meta) check parameters
[0.555s] Level 1:colcon.colcon_core.package_discovery:discover_packages(recursive) check parameters
[0.556s] Level 1:colcon.colcon_core.package_discovery:discover_packages(ignore) check parameters
[0.556s] Level 1:colcon.colcon_core.package_discovery:discover_packages(path) check parameters
[0.556s] Level 1:colcon.colcon_core.package_discovery:discover_packages(colcon_meta) discover
[0.556s] Level 1:colcon.colcon_core.package_discovery:discover_packages(recursive) discover
[0.556s] INFO:colcon.colcon_core.package_discovery:Crawling recursively for packages in '/home/jaydenhazell/rs1'
[0.556s] Level 1:colcon.colcon_core.package_identification:_identify(.) by extensions ['ignore', 'ignore_ament_install']
[0.556s] Level 1:colcon.colcon_core.package_identification:_identify(.) by extension 'ignore'
[0.557s] Level 1:colcon.colcon_core.package_identification:_identify(.) by extension 'ignore_ament_install'
[0.557s] Level 1:colcon.colcon_core.package_identification:_identify(.) by extensions ['colcon_pkg']
[0.557s] Level 1:colcon.colcon_core.package_identification:_identify(.) by extension 'colcon_pkg'
[0.557s] Level 1:colcon.colcon_core.package_identification:_identify(.) by extensions ['colcon_meta']
[0.557s] Level 1:colcon.colcon_core.package_identification:_identify(.) by extension 'colcon_meta'
[0.557s] Level 1:colcon.colcon_core.package_identification:_identify(.) by extensions ['ros']
[0.557s] Level 1:colcon.colcon_core.package_identification:_identify(.) by extension 'ros'
[0.570s] DEBUG:colcon.colcon_core.package_identification:Package '.' with type 'ros.ament_cmake' and name '41068_ignition_bringup'
[0.570s] Level 1:colcon.colcon_core.package_discovery:discover_packages(recursive) using defaults
[0.570s] Level 1:colcon.colcon_core.package_discovery:discover_packages(ignore) discover
[0.570s] Level 1:colcon.colcon_core.package_discovery:discover_packages(ignore) using defaults
[0.570s] Level 1:colcon.colcon_core.package_discovery:discover_packages(path) discover
[0.570s] Level 1:colcon.colcon_core.package_discovery:discover_packages(path) using defaults
[0.612s] Level 1:colcon.colcon_core.package_discovery:discover_packages(prefix_path) check parameters
[0.612s] Level 1:colcon.colcon_core.package_discovery:discover_packages(prefix_path) discover
[0.615s] WARNING:colcon.colcon_core.prefix_path.colcon:The path '/home/jaydenhazell/41068_ws/install' in the environment variable COLCON_PREFIX_PATH doesn't exist
[0.615s] WARNING:colcon.colcon_core.prefix_path.colcon:The path '/home/jaydenhazell/41068_ws/41068_drone/install' in the environment variable COLCON_PREFIX_PATH doesn't exist
[0.615s] WARNING:colcon.colcon_ros.prefix_path.ament:The path '/home/jaydenhazell/41068_ws/install/41068_ignition_bringup' in the environment variable AMENT_PREFIX_PATH doesn't exist
[0.615s] WARNING:colcon.colcon_ros.prefix_path.catkin:The path '/home/jaydenhazell/41068_ws/install/41068_ignition_bringup' in the environment variable CMAKE_PREFIX_PATH doesn't exist
[0.615s] WARNING:colcon.colcon_ros.prefix_path.catkin:The path '/home/jaydenhazell/41068_ws/41068_drone/install/41068_ignition_bringup' in the environment variable CMAKE_PREFIX_PATH doesn't exist
[0.618s] DEBUG:colcon.colcon_installed_package_information.package_discovery:Found 343 installed packages in /opt/ros/humble
[0.620s] Level 1:colcon.colcon_core.package_discovery:discover_packages(prefix_path) using defaults
[0.657s] Level 5:colcon.colcon_core.verb:set package '41068_ignition_bringup' build argument 'cmake_args' from command line to 'None'
[0.657s] Level 5:colcon.colcon_core.verb:set package '41068_ignition_bringup' build argument 'cmake_target' from command line to 'None'
[0.657s] Level 5:colcon.colcon_core.verb:set package '41068_ignition_bringup' build argument 'cmake_target_skip_unavailable' from command line to 'False'
[0.657s] Level 5:colcon.colcon_core.verb:set package '41068_ignition_bringup' build argument 'cmake_clean_cache' from command line to 'False'
[0.657s] Level 5:colcon.colcon_core.verb:set package '41068_ignition_bringup' build argument 'cmake_clean_first' from command line to 'False'
[0.657s] Level 5:colcon.colcon_core.verb:set package '41068_ignition_bringup' build argument 'cmake_force_configure' from command line to 'False'
[0.657s] Level 5:colcon.colcon_core.verb:set package '41068_ignition_bringup' build argument 'ament_cmake_args' from command line to 'None'
[0.657s] Level 5:colcon.colcon_core.verb:set package '41068_ignition_bringup' build argument 'catkin_cmake_args' from command line to 'None'
[0.657s] Level 5:colcon.colcon_core.verb:set package '41068_ignition_bringup' build argument 'catkin_skip_building_tests' from command line to 'False'
[0.657s] DEBUG:colcon.colcon_core.verb:Building package '41068_ignition_bringup' with the following arguments: {'ament_cmake_args': None, 'build_base': '/home/jaydenhazell/rs1/build/41068_ignition_bringup', 'catkin_cmake_args': None, 'catkin_skip_building_tests': False, 'cmake_args': None, 'cmake_clean_cache': False, 'cmake_clean_first': False, 'cmake_force_configure': False, 'cmake_target': None, 'cmake_target_skip_unavailable': False, 'install_base': '/home/jaydenhazell/rs1/install/41068_ignition_bringup', 'merge_install': False, 'path': '/home/jaydenhazell/rs1', 'symlink_install': False, 'test_result_base': None}
[0.657s] INFO:colcon.colcon_core.executor:Executing jobs using 'parallel' executor
[0.658s] DEBUG:colcon.colcon_parallel_executor.executor.parallel:run_until_complete
[0.659s] INFO:colcon.colcon_ros.task.ament_cmake.build:Building ROS package in '/home/jaydenhazell/rs1' with build type 'ament_cmake'
[0.659s] INFO:colcon.colcon_cmake.task.cmake.build:Building CMake package in '/home/jaydenhazell/rs1'
[0.668s] INFO:colcon.colcon_core.plugin_system:Skipping extension 'colcon_core.shell.bat': Not used on non-Windows systems
[0.668s] INFO:colcon.colcon_core.shell:Skip shell extension 'powershell' for command environment: Not usable outside of PowerShell
[0.668s] DEBUG:colcon.colcon_core.shell:Skip shell extension 'dsv' for command environment
[0.679s] DEBUG:colcon.colcon_core.event_handler.log_command:Invoking command in '/home/jaydenhazell/rs1/build/41068_ignition_bringup': CMAKE_PREFIX_PATH=${CMAKE_PREFIX_PATH}:/opt/ros/humble /usr/bin/cmake /home/jaydenhazell/rs1 -DCMAKE_INSTALL_PREFIX=/home/jaydenhazell/rs1/install/41068_ignition_bringup
[2.601s] DEBUG:colcon.colcon_core.event_handler.log_command:Invoked command in '/home/jaydenhazell/rs1/build/41068_ignition_bringup' returned '0': CMAKE_PREFIX_PATH=${CMAKE_PREFIX_PATH}:/opt/ros/humble /usr/bin/cmake /home/jaydenhazell/rs1 -DCMAKE_INSTALL_PREFIX=/home/jaydenhazell/rs1/install/41068_ignition_bringup
[2.603s] DEBUG:colcon.colcon_core.event_handler.log_command:Invoking command in '/home/jaydenhazell/rs1/build/41068_ignition_bringup': CMAKE_PREFIX_PATH=${CMAKE_PREFIX_PATH}:/opt/ros/humble /usr/bin/cmake --build /home/jaydenhazell/rs1/build/41068_ignition_bringup -- -j24 -l24
[2.646s] DEBUG:colcon.colcon_core.event_handler.log_command:Invoked command in '/home/jaydenhazell/rs1/build/41068_ignition_bringup' returned '0': CMAKE_PREFIX_PATH=${CMAKE_PREFIX_PATH}:/opt/ros/humble /usr/bin/cmake --build /home/jaydenhazell/rs1/build/41068_ignition_bringup -- -j24 -l24
[2.654s] DEBUG:colcon.colcon_core.event_handler.log_command:Invoking command in '/home/jaydenhazell/rs1/build/41068_ignition_bringup': CMAKE_PREFIX_PATH=${CMAKE_PREFIX_PATH}:/opt/ros/humble /usr/bin/cmake --install /home/jaydenhazell/rs1/build/41068_ignition_bringup
[35993.091s] Level 1:colcon.colcon_core.environment:create_environment_scripts_only(41068_ignition_bringup)
[35993.091s] DEBUG:colcon.colcon_core.event_handler.log_command:Invoked command in '/home/jaydenhazell/rs1/build/41068_ignition_bringup' returned '0': CMAKE_PREFIX_PATH=${CMAKE_PREFIX_PATH}:/opt/ros/humble /usr/bin/cmake --install /home/jaydenhazell/rs1/build/41068_ignition_bringup
[35993.101s] Level 1:colcon.colcon_core.environment:checking '/home/jaydenhazell/rs1/install/41068_ignition_bringup' for CMake module files
[35993.102s] Level 1:colcon.colcon_core.environment:checking '/home/jaydenhazell/rs1/install/41068_ignition_bringup' for CMake config files
[35993.102s] Level 1:colcon.colcon_core.shell:create_environment_hook('41068_ignition_bringup', 'cmake_prefix_path')
[35993.102s] INFO:colcon.colcon_core.shell:Creating environment hook '/home/jaydenhazell/rs1/install/41068_ignition_bringup/share/41068_ignition_bringup/hook/cmake_prefix_path.ps1'
[35993.103s] INFO:colcon.colcon_core.shell:Creating environment descriptor '/home/jaydenhazell/rs1/install/41068_ignition_bringup/share/41068_ignition_bringup/hook/cmake_prefix_path.dsv'
[35993.104s] INFO:colcon.colcon_core.shell:Creating environment hook '/home/jaydenhazell/rs1/install/41068_ignition_bringup/share/41068_ignition_bringup/hook/cmake_prefix_path.sh'
[35993.106s] Level 1:colcon.colcon_core.environment:checking '/home/jaydenhazell/rs1/install/41068_ignition_bringup/bin'
[35993.106s] Level 1:colcon.colcon_core.environment:checking '/home/jaydenhazell/rs1/install/41068_ignition_bringup/lib/pkgconfig/41068_ignition_bringup.pc'
[35993.106s] Level 1:colcon.colcon_core.environment:checking '/home/jaydenhazell/rs1/install/41068_ignition_bringup/lib/python3.10/site-packages'
[35993.106s] Level 1:colcon.colcon_core.environment:checking '/home/jaydenhazell/rs1/install/41068_ignition_bringup/bin'
[35993.106s] INFO:colcon.colcon_core.shell:Creating package script '/home/jaydenhazell/rs1/install/41068_ignition_bringup/share/41068_ignition_bringup/package.ps1'
[35993.107s] INFO:colcon.colcon_core.shell:Creating package descriptor '/home/jaydenhazell/rs1/install/41068_ignition_bringup/share/41068_ignition_bringup/package.dsv'
[35993.109s] INFO:colcon.colcon_core.shell:Creating package script '/home/jaydenhazell/rs1/install/41068_ignition_bringup/share/41068_ignition_bringup/package.sh'
[35993.110s] INFO:colcon.colcon_core.shell:Creating package script '/home/jaydenhazell/rs1/install/41068_ignition_bringup/share/41068_ignition_bringup/package.bash'
[35993.111s] INFO:colcon.colcon_core.shell:Creating package script '/home/jaydenhazell/rs1/install/41068_ignition_bringup/share/41068_ignition_bringup/package.zsh'
[35993.112s] Level 1:colcon.colcon_core.environment:create_file_with_runtime_dependencies(/home/jaydenhazell/rs1/install/41068_ignition_bringup/share/colcon-core/packages/41068_ignition_bringup)
[35993.114s] Level 1:colcon.colcon_core.environment:create_environment_scripts_only(41068_ignition_bringup)
[35993.114s] Level 1:colcon.colcon_core.environment:checking '/home/jaydenhazell/rs1/install/41068_ignition_bringup' for CMake module files
[35993.115s] Level 1:colcon.colcon_core.environment:checking '/home/jaydenhazell/rs1/install/41068_ignition_bringup' for CMake config files
[35993.115s] Level 1:colcon.colcon_core.shell:create_environment_hook('41068_ignition_bringup', 'cmake_prefix_path')
[35993.115s] INFO:colcon.colcon_core.shell:Creating environment hook '/home/jaydenhazell/rs1/install/41068_ignition_bringup/share/41068_ignition_bringup/hook/cmake_prefix_path.ps1'
[35993.115s] INFO:colcon.colcon_core.shell:Creating environment descriptor '/home/jaydenhazell/rs1/install/41068_ignition_bringup/share/41068_ignition_bringup/hook/cmake_prefix_path.dsv'
[35993.116s] INFO:colcon.colcon_core.shell:Creating environment hook '/home/jaydenhazell/rs1/install/41068_ignition_bringup/share/41068_ignition_bringup/hook/cmake_prefix_path.sh'
[35993.117s] Level 1:colcon.colcon_core.environment:checking '/home/jaydenhazell/rs1/install/41068_ignition_bringup/bin'
[35993.117s] Level 1:colcon.colcon_core.environment:checking '/home/jaydenhazell/rs1/install/41068_ignition_bringup/lib/pkgconfig/41068_ignition_bringup.pc'
[35993.117s] Level 1:colcon.colcon_core.environment:checking '/home/jaydenhazell/rs1/install/41068_ignition_bringup/lib/python3.10/site-packages'
[35993.117s] Level 1:colcon.colcon_core.environment:checking '/home/jaydenhazell/rs1/install/41068_ignition_bringup/bin'
[35993.117s] INFO:colcon.colcon_core.shell:Creating package script '/home/jaydenhazell/rs1/install/41068_ignition_bringup/share/41068_ignition_bringup/package.ps1'
[35993.118s] INFO:colcon.colcon_core.shell:Creating package descriptor '/home/jaydenhazell/rs1/install/41068_ignition_bringup/share/41068_ignition_bringup/package.dsv'
[35993.118s] INFO:colcon.colcon_core.shell:Creating package script '/home/jaydenhazell/rs1/install/41068_ignition_bringup/share/41068_ignition_bringup/package.sh'
[35993.118s] INFO:colcon.colcon_core.shell:Creating package script '/home/jaydenhazell/rs1/install/41068_ignition_bringup/share/41068_ignition_bringup/package.bash'
[35993.119s] INFO:colcon.colcon_core.shell:Creating package script '/home/jaydenhazell/rs1/install/41068_ignition_bringup/share/41068_ignition_bringup/package.zsh'
[35993.119s] Level 1:colcon.colcon_core.environment:create_file_with_runtime_dependencies(/home/jaydenhazell/rs1/install/41068_ignition_bringup/share/colcon-core/packages/41068_ignition_bringup)
[35993.119s] DEBUG:colcon.colcon_parallel_executor.executor.parallel:closing loop
[35993.120s] DEBUG:colcon.colcon_parallel_executor.executor.parallel:loop closed
[35993.120s] DEBUG:colcon.colcon_parallel_executor.executor.parallel:run_until_complete finished with '0'
[35993.120s] DEBUG:colcon.colcon_core.event_reactor:joining thread
[35993.153s] INFO:colcon.colcon_core.plugin_system:Skipping extension 'colcon_notification.desktop_notification.notify_send': Could not find 'notify-send'
[35993.154s] INFO:colcon.colcon_core.plugin_system:Skipping extension 'colcon_notification.desktop_notification.terminal_notifier': Not used on non-Darwin systems
[35993.154s] INFO:colcon.colcon_core.plugin_system:Skipping extension 'colcon_notification.desktop_notification.win32': Not used on non-Windows systems
[35993.154s] INFO:colcon.colcon_notification.desktop_notification:Sending desktop notification using 'notify2'
[35993.154s] DEBUG:colcon.colcon_notification.desktop_notification.notify2:Failed to initialize notify2: org.freedesktop.DBus.Error.FileNotFound: Failed to connect to socket /run/user/1000/bus: No such file or directory
[35993.154s] DEBUG:colcon.colcon_core.event_reactor:joined thread
[35993.155s] INFO:colcon.colcon_core.shell:Creating prefix script '/home/jaydenhazell/rs1/install/local_setup.ps1'
[35993.158s] INFO:colcon.colcon_core.shell:Creating prefix util module '/home/jaydenhazell/rs1/install/_local_setup_util_ps1.py'
[35993.159s] INFO:colcon.colcon_core.shell:Creating prefix chain script '/home/jaydenhazell/rs1/install/setup.ps1'
[35993.161s] INFO:colcon.colcon_core.shell:Creating prefix script '/home/jaydenhazell/rs1/install/local_setup.sh'
[35993.162s] INFO:colcon.colcon_core.shell:Creating prefix util module '/home/jaydenhazell/rs1/install/_local_setup_util_sh.py'
[35993.162s] INFO:colcon.colcon_core.shell:Creating prefix chain script '/home/jaydenhazell/rs1/install/setup.sh'
[35993.163s] INFO:colcon.colcon_core.shell:Creating prefix script '/home/jaydenhazell/rs1/install/local_setup.bash'
[35993.164s] INFO:colcon.colcon_core.shell:Creating prefix chain script '/home/jaydenhazell/rs1/install/setup.bash'
[35993.165s] INFO:colcon.colcon_core.shell:Creating prefix script '/home/jaydenhazell/rs1/install/local_setup.zsh'
[35993.166s] INFO:colcon.colcon_core.shell:Creating prefix chain script '/home/jaydenhazell/rs1/install/setup.zsh'
