[0.010s] Invoking command in '/home/mpatching/41068_ws/build/trailblazer': CMAKE_PREFIX_PATH=${CMAKE_PREFIX_PATH}:/opt/ros/humble /usr/bin/cmake --build /home/mpatching/41068_ws/build/trailblazer -- -j22 -l22
[0.024s] -- Found ament_cmake: 1.3.12 (/opt/ros/humble/share/ament_cmake/cmake)
[0.097s] -- Override CMake install command with custom implementation using symlinks instead of copying resources
[0.100s] -- Found ros_ign_interfaces: 0.244.20 (/opt/ros/humble/share/ros_ign_interfaces/cmake)
[0.169s] -- Found rosidl_generator_c: 3.1.7 (/opt/ros/humble/share/rosidl_generator_c/cmake)
[0.170s] -- Found rosidl_adapter: 3.1.7 (/opt/ros/humble/share/rosidl_adapter/cmake)
[0.174s] -- Found rosidl_generator_cpp: 3.1.7 (/opt/ros/humble/share/rosidl_generator_cpp/cmake)
[0.179s] -- Using all available rosidl_typesupport_c: rosidl_typesupport_fastrtps_c;rosidl_typesupport_introspection_c
[0.186s] -- Using all available rosidl_typesupport_cpp: rosidl_typesupport_fastrtps_cpp;rosidl_typesupport_introspection_cpp
[0.274s] -- Configuring done
[0.276s] -- Generating done
[0.277s] -- Build files have been written to: /home/mpatching/41068_ws/build/trailblazer
[0.291s] Invoked command in '/home/mpatching/41068_ws/build/trailblazer' returned '0': CMAKE_PREFIX_PATH=${CMAKE_PREFIX_PATH}:/opt/ros/humble /usr/bin/cmake --build /home/mpatching/41068_ws/build/trailblazer -- -j22 -l22
[0.297s] Invoking command in '/home/mpatching/41068_ws/build/trailblazer': CMAKE_PREFIX_PATH=${CMAKE_PREFIX_PATH}:/opt/ros/humble /usr/bin/cmake --install /home/mpatching/41068_ws/build/trailblazer
[0.301s] -- Install configuration: ""
[0.301s] -- Execute custom install script
[0.302s] -- Up-to-date symlink: /home/mpatching/41068_ws/install/trailblazer/share/trailblazer/config/41068.rviz
[0.302s] -- Up-to-date symlink: /home/mpatching/41068_ws/install/trailblazer/share/trailblazer/config/gazebo_bridge.yaml
[0.302s] -- Up-to-date symlink: /home/mpatching/41068_ws/install/trailblazer/share/trailblazer/config/nav2_minimal.yaml
[0.302s] -- Up-to-date symlink: /home/mpatching/41068_ws/install/trailblazer/share/trailblazer/config/nav2_params.yaml
[0.302s] -- Up-to-date symlink: /home/mpatching/41068_ws/install/trailblazer/share/trailblazer/config/robot_localization.yaml
[0.302s] -- Up-to-date symlink: /home/mpatching/41068_ws/install/trailblazer/share/trailblazer/config/slam_params.yaml
[0.302s] -- Up-to-date symlink: /home/mpatching/41068_ws/install/trailblazer/share/trailblazer/launch/41068_ignition.launch.py
[0.302s] -- Up-to-date symlink: /home/mpatching/41068_ws/install/trailblazer/share/trailblazer/launch/mission.launch.py
[0.302s] -- Up-to-date symlink: /home/mpatching/41068_ws/install/trailblazer/share/trailblazer/launch/navigation.launch.py
[0.302s] -- Up-to-date symlink: /home/mpatching/41068_ws/install/trailblazer/share/trailblazer/launch/pine_tree_detection.launch.py
[0.303s] -- Up-to-date symlink: /home/mpatching/41068_ws/install/trailblazer/share/trailblazer/models/boulder/boulder.sdf
[0.303s] -- Up-to-date symlink: /home/mpatching/41068_ws/install/trailblazer/share/trailblazer/models/boulder/model.config
[0.303s] -- Up-to-date symlink: /home/mpatching/41068_ws/install/trailblazer/share/trailblazer/models/forest_plane/materials/textures/empty_grass.png
[0.303s] -- Up-to-date symlink: /home/mpatching/41068_ws/install/trailblazer/share/trailblazer/models/forest_plane/materials/textures/forest_overhead.png
[0.303s] -- Up-to-date symlink: /home/mpatching/41068_ws/install/trailblazer/share/trailblazer/models/forest_plane/materials/textures/leaf_litter.png
[0.303s] -- Up-to-date symlink: /home/mpatching/41068_ws/install/trailblazer/share/trailblazer/models/forest_plane/model.config
[0.303s] -- Up-to-date symlink: /home/mpatching/41068_ws/install/trailblazer/share/trailblazer/models/forest_plane/model.sdf
[0.303s] -- Up-to-date symlink: /home/mpatching/41068_ws/install/trailblazer/share/trailblazer/models/forest_wall/materials/textures/forest_wall.png
[0.303s] -- Up-to-date symlink: /home/mpatching/41068_ws/install/trailblazer/share/trailblazer/models/forest_wall/materials/textures/forest_wall_transparent.png
[0.303s] -- Up-to-date symlink: /home/mpatching/41068_ws/install/trailblazer/share/trailblazer/models/forest_wall/materials/textures/forest_wall_transparent_small.png
[0.303s] -- Up-to-date symlink: /home/mpatching/41068_ws/install/trailblazer/share/trailblazer/models/forest_wall/model.config
[0.303s] -- Up-to-date symlink: /home/mpatching/41068_ws/install/trailblazer/share/trailblazer/models/forest_wall/model.sdf
[0.304s] -- Up-to-date symlink: /home/mpatching/41068_ws/install/trailblazer/share/trailblazer/models/grass_plane/materials/textures/empty_grass.png
[0.304s] -- Up-to-date symlink: /home/mpatching/41068_ws/install/trailblazer/share/trailblazer/models/grass_plane/model.config
[0.304s] -- Up-to-date symlink: /home/mpatching/41068_ws/install/trailblazer/share/trailblazer/models/grass_plane/model.sdf
[0.304s] -- Up-to-date symlink: /home/mpatching/41068_ws/install/trailblazer/share/trailblazer/worlds/large_demo.sdf
[0.304s] -- Up-to-date symlink: /home/mpatching/41068_ws/install/trailblazer/share/trailblazer/worlds/simple_trees.sdf
[0.304s] -- Up-to-date symlink: /home/mpatching/41068_ws/install/trailblazer/share/trailblazer/urdf_drone/common_properties.urdf.xacro
[0.304s] -- Up-to-date symlink: /home/mpatching/41068_ws/install/trailblazer/share/trailblazer/urdf_drone/hokuyo.urdf.xacro
[0.304s] -- Up-to-date symlink: /home/mpatching/41068_ws/install/trailblazer/share/trailblazer/urdf_drone/meshes/hull.dae
[0.305s] -- Up-to-date symlink: /home/mpatching/41068_ws/install/trailblazer/share/trailblazer/urdf_drone/meshes/propeller_fl.dae
[0.305s] -- Up-to-date symlink: /home/mpatching/41068_ws/install/trailblazer/share/trailblazer/urdf_drone/meshes/propeller_fr.dae
[0.305s] -- Up-to-date symlink: /home/mpatching/41068_ws/install/trailblazer/share/trailblazer/urdf_drone/meshes/propeller_rl.dae
[0.305s] -- Up-to-date symlink: /home/mpatching/41068_ws/install/trailblazer/share/trailblazer/urdf_drone/meshes/propeller_rr.dae
[0.305s] -- Up-to-date symlink: /home/mpatching/41068_ws/install/trailblazer/share/trailblazer/urdf_drone/model.config
[0.305s] -- Up-to-date symlink: /home/mpatching/41068_ws/install/trailblazer/share/trailblazer/urdf_drone/model.sdf
[0.305s] -- Up-to-date symlink: /home/mpatching/41068_ws/install/trailblazer/share/trailblazer/urdf_drone/parrot.gazebo.xacro
[0.305s] -- Up-to-date symlink: /home/mpatching/41068_ws/install/trailblazer/share/trailblazer/urdf_drone/parrot.urdf.xacro
[0.305s] [31mCMake Error at ament_cmake_symlink_install/ament_cmake_symlink_install.cmake:204 (message):
[0.305s]   ament_cmake_symlink_install_programs() can't find
[0.305s]   '/home/mpatching/41068_ws/src/trailblazer/nodes/lidar_perception_360'
[0.305s] Call Stack (most recent call first):
[0.305s]   ament_cmake_symlink_install/ament_cmake_symlink_install.cmake:317 (ament_cmake_symlink_install_programs)
[0.305s]   cmake_install.cmake:46 (include)
[0.305s] 
[0.306s] [0m
[0.306s] -- Up-to-date symlink: /home/mpatching/41068_ws/install/trailblazer/share/trailblazer/urdf_drone/thumbnails/1.png
[0.306s] -- Up-to-date symlink: /home/mpatching/41068_ws/install/trailblazer/share/trailblazer/urdf_drone/thumbnails/2.png
[0.306s] -- Up-to-date symlink: /home/mpatching/41068_ws/install/trailblazer/share/trailblazer/urdf_drone/thumbnails/3.png
[0.306s] -- Up-to-date symlink: /home/mpatching/41068_ws/install/trailblazer/share/trailblazer/urdf_drone/thumbnails/4.png
[0.306s] -- Up-to-date symlink: /home/mpatching/41068_ws/install/trailblazer/share/trailblazer/urdf_drone/thumbnails/5.png
[0.306s] -- Up-to-date symlink: /home/mpatching/41068_ws/install/trailblazer/share/trailblazer/urdf_drone/thumbnails/hull.dae
[0.307s] Invoked command in '/home/mpatching/41068_ws/build/trailblazer' returned '1': CMAKE_PREFIX_PATH=${CMAKE_PREFIX_PATH}:/opt/ros/humble /usr/bin/cmake --install /home/mpatching/41068_ws/build/trailblazer
